Component: ARM Compiler 5.05 update 1 (build 106) Tool: armlink [4d0efa]

==============================================================================

Section Cross References

    main.o(i.main) refers to nvic.o(i.NVIC_Configuration) for NVIC_Configuration
    main.o(i.main) refers to systick.o(i.SysTick_Configuration) for SysTick_Configuration
    main.o(i.main) refers to pwm.o(i.TIM1_PWM_Init) for TIM1_PWM_Init
    main.o(i.main) refers to timer.o(i.TIM_Configuration) for TIM_Configuration
    main.o(i.main) refers to can.o(i.CAN1_Configuration) for CAN1_Configuration
    main.o(i.main) refers to can.o(i.CAN2_Configuration) for CAN2_Configuration
    main.o(i.main) refers to command.o(i.Motor_GPIO_Config) for Motor_GPIO_Config
    main.o(i.main) refers to led.o(i.LED_GPIO_Config) for LED_GPIO_Config
    main.o(i.main) refers to command.o(i.MotorExecuteCMD) for MotorExecuteCMD
    main.o(i.main) refers to command.o(.data) for ControlDriveCmd
    can.o(i.CAN1_Configuration) refers to stm32f4xx_rcc.o(i.RCC_AHB1PeriphClockCmd) for RCC_AHB1PeriphClockCmd
    can.o(i.CAN1_Configuration) refers to stm32f4xx_gpio.o(i.GPIO_Init) for GPIO_Init
    can.o(i.CAN1_Configuration) refers to stm32f4xx_gpio.o(i.GPIO_PinAFConfig) for GPIO_PinAFConfig
    can.o(i.CAN1_Configuration) refers to stm32f4xx_rcc.o(i.RCC_APB1PeriphClockCmd) for RCC_APB1PeriphClockCmd
    can.o(i.CAN1_Configuration) refers to stm32f4xx_can.o(i.CAN_DeInit) for CAN_DeInit
    can.o(i.CAN1_Configuration) refers to stm32f4xx_can.o(i.CAN_StructInit) for CAN_StructInit
    can.o(i.CAN1_Configuration) refers to can.o(i.CAN_Baud_Process) for CAN_Baud_Process
    can.o(i.CAN1_Configuration) refers to stm32f4xx_can.o(i.CAN_Init) for CAN_Init
    can.o(i.CAN1_Configuration) refers to stm32f4xx_can.o(i.CAN_FilterInit) for CAN_FilterInit
    can.o(i.CAN1_Configuration) refers to stm32f4xx_can.o(i.CAN_ITConfig) for CAN_ITConfig
    can.o(i.CAN1_RX0_IRQHandler) refers to stm32f4xx_can.o(i.CAN_Receive) for CAN_Receive
    can.o(i.CAN1_RX0_IRQHandler) refers to stm32f4xx_can.o(i.CAN_ClearITPendingBit) for CAN_ClearITPendingBit
    can.o(i.CAN1_RX0_IRQHandler) refers to command.o(.data) for ControlDriveCmd
    can.o(i.CAN1_RX0_IRQHandler) refers to can.o(.data) for .data
    can.o(i.CAN2_Configuration) refers to stm32f4xx_rcc.o(i.RCC_AHB1PeriphClockCmd) for RCC_AHB1PeriphClockCmd
    can.o(i.CAN2_Configuration) refers to stm32f4xx_gpio.o(i.GPIO_Init) for GPIO_Init
    can.o(i.CAN2_Configuration) refers to stm32f4xx_gpio.o(i.GPIO_PinAFConfig) for GPIO_PinAFConfig
    can.o(i.CAN2_Configuration) refers to stm32f4xx_rcc.o(i.RCC_APB1PeriphClockCmd) for RCC_APB1PeriphClockCmd
    can.o(i.CAN2_Configuration) refers to stm32f4xx_can.o(i.CAN_DeInit) for CAN_DeInit
    can.o(i.CAN2_Configuration) refers to stm32f4xx_can.o(i.CAN_StructInit) for CAN_StructInit
    can.o(i.CAN2_Configuration) refers to can.o(i.CAN_Baud_Process) for CAN_Baud_Process
    can.o(i.CAN2_Configuration) refers to stm32f4xx_can.o(i.CAN_Init) for CAN_Init
    can.o(i.CAN2_Configuration) refers to stm32f4xx_can.o(i.CAN_FilterInit) for CAN_FilterInit
    can.o(i.CAN2_Configuration) refers to stm32f4xx_can.o(i.CAN_ITConfig) for CAN_ITConfig
    can.o(i.CAN2_RX0_IRQHandler) refers to stm32f4xx_can.o(i.CAN_Receive) for CAN_Receive
    can.o(i.CAN2_RX0_IRQHandler) refers to stm32f4xx_can.o(i.CAN_ClearITPendingBit) for CAN_ClearITPendingBit
    can.o(i.CAN2_RX0_IRQHandler) refers to command.o(.data) for ValueData
    can.o(i.CAN2_RX0_IRQHandler) refers to can.o(.data) for .data
    can.o(i.CAN_Baud_Process) refers to can.o(.constdata) for .constdata
    can.o(i.can1_tx) refers to stm32f4xx_can.o(i.CAN_Transmit) for CAN_Transmit
    can.o(i.can2_tx) refers to stm32f4xx_can.o(i.CAN_Transmit) for CAN_Transmit
    nvic.o(i.NVIC_Configuration) refers to misc.o(i.NVIC_PriorityGroupConfig) for NVIC_PriorityGroupConfig
    nvic.o(i.NVIC_Configuration) refers to misc.o(i.NVIC_Init) for NVIC_Init
    led.o(i.LED_GPIO_Config) refers to stm32f4xx_rcc.o(i.RCC_AHB1PeriphClockCmd) for RCC_AHB1PeriphClockCmd
    led.o(i.LED_GPIO_Config) refers to stm32f4xx_gpio.o(i.GPIO_Init) for GPIO_Init
    led.o(i.LED_GPIO_Config) refers to stm32f4xx_gpio.o(i.GPIO_SetBits) for GPIO_SetBits
    pwm.o(i.TIM1_PWM_Init) refers to stm32f4xx_rcc.o(i.RCC_APB2PeriphClockCmd) for RCC_APB2PeriphClockCmd
    pwm.o(i.TIM1_PWM_Init) refers to stm32f4xx_rcc.o(i.RCC_AHB1PeriphClockCmd) for RCC_AHB1PeriphClockCmd
    pwm.o(i.TIM1_PWM_Init) refers to stm32f4xx_gpio.o(i.GPIO_Init) for GPIO_Init
    pwm.o(i.TIM1_PWM_Init) refers to stm32f4xx_gpio.o(i.GPIO_PinAFConfig) for GPIO_PinAFConfig
    pwm.o(i.TIM1_PWM_Init) refers to stm32f4xx_tim.o(i.TIM_TimeBaseInit) for TIM_TimeBaseInit
    pwm.o(i.TIM1_PWM_Init) refers to stm32f4xx_tim.o(i.TIM_OC3Init) for TIM_OC3Init
    pwm.o(i.TIM1_PWM_Init) refers to stm32f4xx_tim.o(i.TIM_OC3PreloadConfig) for TIM_OC3PreloadConfig
    pwm.o(i.TIM1_PWM_Init) refers to stm32f4xx_tim.o(i.TIM_OC4Init) for TIM_OC4Init
    pwm.o(i.TIM1_PWM_Init) refers to stm32f4xx_tim.o(i.TIM_OC4PreloadConfig) for TIM_OC4PreloadConfig
    pwm.o(i.TIM1_PWM_Init) refers to stm32f4xx_tim.o(i.TIM_ARRPreloadConfig) for TIM_ARRPreloadConfig
    pwm.o(i.TIM1_PWM_Init) refers to stm32f4xx_tim.o(i.TIM_Cmd) for TIM_Cmd
    pwm.o(i.TIM1_PWM_Init) refers to stm32f4xx_tim.o(i.TIM_CtrlPWMOutputs) for TIM_CtrlPWMOutputs
    systick.o(i.Delay_ms) refers to systick.o(.data) for .data
    systick.o(i.SysTick_Configuration) refers to system_stm32f4xx.o(.data) for SystemCoreClock
    systick.o(i.SysTick_Handler) refers to systick.o(i.TimingDelay_Decrement) for TimingDelay_Decrement
    systick.o(i.TimingDelay_Decrement) refers to systick.o(.data) for .data
    timer.o(i.TIM2_IRQHandler) refers to stm32f4xx_tim.o(i.TIM_GetITStatus) for TIM_GetITStatus
    timer.o(i.TIM2_IRQHandler) refers to stm32f4xx_tim.o(i.TIM_ClearITPendingBit) for TIM_ClearITPendingBit
    timer.o(i.TIM2_IRQHandler) refers to stm32f4xx_gpio.o(i.GPIO_ToggleBits) for GPIO_ToggleBits
    timer.o(i.TIM2_IRQHandler) refers to can.o(i.can1_tx) for can1_tx
    timer.o(i.TIM2_IRQHandler) refers to timer.o(.data) for .data
    timer.o(i.TIM2_IRQHandler) refers to command.o(.data) for MotorStateFdB
    timer.o(i.TIM_Configuration) refers to stm32f4xx_rcc.o(i.RCC_APB1PeriphClockCmd) for RCC_APB1PeriphClockCmd
    timer.o(i.TIM_Configuration) refers to stm32f4xx_tim.o(i.TIM_TimeBaseInit) for TIM_TimeBaseInit
    timer.o(i.TIM_Configuration) refers to stm32f4xx_tim.o(i.TIM_ITConfig) for TIM_ITConfig
    timer.o(i.TIM_Configuration) refers to stm32f4xx_tim.o(i.TIM_Cmd) for TIM_Cmd
    command.o(i.ChangeMotorSpeed) refers to stm32f4xx_tim.o(i.TIM_SetCompare3) for TIM_SetCompare3
    command.o(i.ChangeMotorSpeed) refers to command.o(.data) for .data
    command.o(i.MotorExecuteCMD) refers to stm32f4xx_gpio.o(i.GPIO_ResetBits) for GPIO_ResetBits
    command.o(i.MotorExecuteCMD) refers to stm32f4xx_gpio.o(i.GPIO_SetBits) for GPIO_SetBits
    command.o(i.MotorExecuteCMD) refers to stm32f4xx_tim.o(i.TIM_SetCompare3) for TIM_SetCompare3
    command.o(i.MotorExecuteCMD) refers to command.o(i.ChangeMotorSpeed) for ChangeMotorSpeed
    command.o(i.MotorExecuteCMD) refers to can.o(.data) for can1_rec_flag
    command.o(i.MotorExecuteCMD) refers to can.o(.data) for CAN1_RX_data
    command.o(i.MotorExecuteCMD) refers to command.o(.data) for .data
    command.o(i.Motor_GPIO_Config) refers to stm32f4xx_rcc.o(i.RCC_AHB1PeriphClockCmd) for RCC_AHB1PeriphClockCmd
    command.o(i.Motor_GPIO_Config) refers to stm32f4xx_gpio.o(i.GPIO_Init) for GPIO_Init
    command.o(i.Motor_GPIO_Config) refers to stm32f4xx_gpio.o(i.GPIO_ResetBits) for GPIO_ResetBits
    startup_stm32f40_41xxx.o(RESET) refers to startup_stm32f40_41xxx.o(STACK) for __initial_sp
    startup_stm32f40_41xxx.o(RESET) refers to startup_stm32f40_41xxx.o(.text) for Reset_Handler
    startup_stm32f40_41xxx.o(RESET) refers to stm32f4xx_it.o(i.NMI_Handler) for NMI_Handler
    startup_stm32f40_41xxx.o(RESET) refers to stm32f4xx_it.o(i.HardFault_Handler) for HardFault_Handler
    startup_stm32f40_41xxx.o(RESET) refers to stm32f4xx_it.o(i.MemManage_Handler) for MemManage_Handler
    startup_stm32f40_41xxx.o(RESET) refers to stm32f4xx_it.o(i.BusFault_Handler) for BusFault_Handler
    startup_stm32f40_41xxx.o(RESET) refers to stm32f4xx_it.o(i.UsageFault_Handler) for UsageFault_Handler
    startup_stm32f40_41xxx.o(RESET) refers to stm32f4xx_it.o(i.SVC_Handler) for SVC_Handler
    startup_stm32f40_41xxx.o(RESET) refers to stm32f4xx_it.o(i.DebugMon_Handler) for DebugMon_Handler
    startup_stm32f40_41xxx.o(RESET) refers to stm32f4xx_it.o(i.PendSV_Handler) for PendSV_Handler
    startup_stm32f40_41xxx.o(RESET) refers to systick.o(i.SysTick_Handler) for SysTick_Handler
    startup_stm32f40_41xxx.o(RESET) refers to can.o(i.CAN1_RX0_IRQHandler) for CAN1_RX0_IRQHandler
    startup_stm32f40_41xxx.o(RESET) refers to timer.o(i.TIM2_IRQHandler) for TIM2_IRQHandler
    startup_stm32f40_41xxx.o(RESET) refers to can.o(i.CAN2_RX0_IRQHandler) for CAN2_RX0_IRQHandler
    startup_stm32f40_41xxx.o(.text) refers to system_stm32f4xx.o(i.SystemInit) for SystemInit
    startup_stm32f40_41xxx.o(.text) refers to entry.o(.ARM.Collect$$$$00000000) for __main
    stm32f4xx_gpio.o(i.GPIO_DeInit) refers to stm32f4xx_rcc.o(i.RCC_AHB1PeriphResetCmd) for RCC_AHB1PeriphResetCmd
    stm32f4xx_rcc.o(i.RCC_GetClocksFreq) refers to stm32f4xx_rcc.o(.data) for .data
    stm32f4xx_rcc.o(i.RCC_WaitForHSEStartUp) refers to stm32f4xx_rcc.o(i.RCC_GetFlagStatus) for RCC_GetFlagStatus
    stm32f4xx_syscfg.o(i.SYSCFG_DeInit) refers to stm32f4xx_rcc.o(i.RCC_APB2PeriphResetCmd) for RCC_APB2PeriphResetCmd
    stm32f4xx_can.o(i.CAN_DeInit) refers to stm32f4xx_rcc.o(i.RCC_APB1PeriphResetCmd) for RCC_APB1PeriphResetCmd
    stm32f4xx_can.o(i.CAN_GetITStatus) refers to stm32f4xx_can.o(i.CheckITStatus) for CheckITStatus
    stm32f4xx_flash.o(i.FLASH_EraseAllBank1Sectors) refers to stm32f4xx_flash.o(i.FLASH_WaitForLastOperation) for FLASH_WaitForLastOperation
    stm32f4xx_flash.o(i.FLASH_EraseAllBank2Sectors) refers to stm32f4xx_flash.o(i.FLASH_WaitForLastOperation) for FLASH_WaitForLastOperation
    stm32f4xx_flash.o(i.FLASH_EraseAllSectors) refers to stm32f4xx_flash.o(i.FLASH_WaitForLastOperation) for FLASH_WaitForLastOperation
    stm32f4xx_flash.o(i.FLASH_EraseSector) refers to stm32f4xx_flash.o(i.FLASH_WaitForLastOperation) for FLASH_WaitForLastOperation
    stm32f4xx_flash.o(i.FLASH_OB_Launch) refers to stm32f4xx_flash.o(i.FLASH_WaitForLastOperation) for FLASH_WaitForLastOperation
    stm32f4xx_flash.o(i.FLASH_OB_PCROP1Config) refers to stm32f4xx_flash.o(i.FLASH_WaitForLastOperation) for FLASH_WaitForLastOperation
    stm32f4xx_flash.o(i.FLASH_OB_PCROPConfig) refers to stm32f4xx_flash.o(i.FLASH_WaitForLastOperation) for FLASH_WaitForLastOperation
    stm32f4xx_flash.o(i.FLASH_OB_RDPConfig) refers to stm32f4xx_flash.o(i.FLASH_WaitForLastOperation) for FLASH_WaitForLastOperation
    stm32f4xx_flash.o(i.FLASH_OB_UserConfig) refers to stm32f4xx_flash.o(i.FLASH_WaitForLastOperation) for FLASH_WaitForLastOperation
    stm32f4xx_flash.o(i.FLASH_OB_WRP1Config) refers to stm32f4xx_flash.o(i.FLASH_WaitForLastOperation) for FLASH_WaitForLastOperation
    stm32f4xx_flash.o(i.FLASH_OB_WRPConfig) refers to stm32f4xx_flash.o(i.FLASH_WaitForLastOperation) for FLASH_WaitForLastOperation
    stm32f4xx_flash.o(i.FLASH_ProgramByte) refers to stm32f4xx_flash.o(i.FLASH_WaitForLastOperation) for FLASH_WaitForLastOperation
    stm32f4xx_flash.o(i.FLASH_ProgramDoubleWord) refers to stm32f4xx_flash.o(i.FLASH_WaitForLastOperation) for FLASH_WaitForLastOperation
    stm32f4xx_flash.o(i.FLASH_ProgramHalfWord) refers to stm32f4xx_flash.o(i.FLASH_WaitForLastOperation) for FLASH_WaitForLastOperation
    stm32f4xx_flash.o(i.FLASH_ProgramWord) refers to stm32f4xx_flash.o(i.FLASH_WaitForLastOperation) for FLASH_WaitForLastOperation
    stm32f4xx_flash.o(i.FLASH_WaitForLastOperation) refers to stm32f4xx_flash.o(i.FLASH_GetStatus) for FLASH_GetStatus
    stm32f4xx_tim.o(i.TIM_DeInit) refers to stm32f4xx_rcc.o(i.RCC_APB2PeriphResetCmd) for RCC_APB2PeriphResetCmd
    stm32f4xx_tim.o(i.TIM_DeInit) refers to stm32f4xx_rcc.o(i.RCC_APB1PeriphResetCmd) for RCC_APB1PeriphResetCmd
    stm32f4xx_tim.o(i.TIM_ETRClockMode1Config) refers to stm32f4xx_tim.o(i.TIM_ETRConfig) for TIM_ETRConfig
    stm32f4xx_tim.o(i.TIM_ETRClockMode2Config) refers to stm32f4xx_tim.o(i.TIM_ETRConfig) for TIM_ETRConfig
    stm32f4xx_tim.o(i.TIM_ICInit) refers to stm32f4xx_tim.o(i.TI4_Config) for TI4_Config
    stm32f4xx_tim.o(i.TIM_ICInit) refers to stm32f4xx_tim.o(i.TIM_SetIC4Prescaler) for TIM_SetIC4Prescaler
    stm32f4xx_tim.o(i.TIM_ICInit) refers to stm32f4xx_tim.o(i.TI1_Config) for TI1_Config
    stm32f4xx_tim.o(i.TIM_ICInit) refers to stm32f4xx_tim.o(i.TIM_SetIC1Prescaler) for TIM_SetIC1Prescaler
    stm32f4xx_tim.o(i.TIM_ICInit) refers to stm32f4xx_tim.o(i.TI2_Config) for TI2_Config
    stm32f4xx_tim.o(i.TIM_ICInit) refers to stm32f4xx_tim.o(i.TIM_SetIC2Prescaler) for TIM_SetIC2Prescaler
    stm32f4xx_tim.o(i.TIM_ICInit) refers to stm32f4xx_tim.o(i.TI3_Config) for TI3_Config
    stm32f4xx_tim.o(i.TIM_ICInit) refers to stm32f4xx_tim.o(i.TIM_SetIC3Prescaler) for TIM_SetIC3Prescaler
    stm32f4xx_tim.o(i.TIM_ITRxExternalClockConfig) refers to stm32f4xx_tim.o(i.TIM_SelectInputTrigger) for TIM_SelectInputTrigger
    stm32f4xx_tim.o(i.TIM_PWMIConfig) refers to stm32f4xx_tim.o(i.TI2_Config) for TI2_Config
    stm32f4xx_tim.o(i.TIM_PWMIConfig) refers to stm32f4xx_tim.o(i.TIM_SetIC2Prescaler) for TIM_SetIC2Prescaler
    stm32f4xx_tim.o(i.TIM_PWMIConfig) refers to stm32f4xx_tim.o(i.TI1_Config) for TI1_Config
    stm32f4xx_tim.o(i.TIM_PWMIConfig) refers to stm32f4xx_tim.o(i.TIM_SetIC1Prescaler) for TIM_SetIC1Prescaler
    stm32f4xx_tim.o(i.TIM_TIxExternalClockConfig) refers to stm32f4xx_tim.o(i.TI1_Config) for TI1_Config
    stm32f4xx_tim.o(i.TIM_TIxExternalClockConfig) refers to stm32f4xx_tim.o(i.TIM_SelectInputTrigger) for TIM_SelectInputTrigger
    stm32f4xx_tim.o(i.TIM_TIxExternalClockConfig) refers to stm32f4xx_tim.o(i.TI2_Config) for TI2_Config
    system_stm32f4xx.o(i.SystemCoreClockUpdate) refers to system_stm32f4xx.o(.data) for .data
    system_stm32f4xx.o(i.SystemInit) refers to system_stm32f4xx.o(i.SetSysClock) for SetSysClock
    entry.o(.ARM.Collect$$$$00000000) refers (Special) to entry10a.o(.ARM.Collect$$$$0000000D) for __rt_final_cpp
    entry.o(.ARM.Collect$$$$00000000) refers (Special) to entry11a.o(.ARM.Collect$$$$0000000F) for __rt_final_exit
    entry.o(.ARM.Collect$$$$00000000) refers (Special) to entry7b.o(.ARM.Collect$$$$00000008) for _main_clock
    entry.o(.ARM.Collect$$$$00000000) refers (Special) to entry8b.o(.ARM.Collect$$$$0000000A) for _main_cpp_init
    entry.o(.ARM.Collect$$$$00000000) refers (Special) to entry9a.o(.ARM.Collect$$$$0000000B) for _main_init
    entry.o(.ARM.Collect$$$$00000000) refers (Special) to entry5.o(.ARM.Collect$$$$00000004) for _main_scatterload
    entry.o(.ARM.Collect$$$$00000000) refers (Special) to entry2.o(.ARM.Collect$$$$00000001) for _main_stk
    entry2.o(.ARM.Collect$$$$00000001) refers to entry2.o(.ARM.Collect$$$$00002712) for __lit__00000000
    entry2.o(.ARM.Collect$$$$00002712) refers to startup_stm32f40_41xxx.o(STACK) for __initial_sp
    entry2.o(__vectab_stack_and_reset_area) refers to startup_stm32f40_41xxx.o(STACK) for __initial_sp
    entry2.o(__vectab_stack_and_reset_area) refers to entry.o(.ARM.Collect$$$$00000000) for __main
    entry5.o(.ARM.Collect$$$$00000004) refers to init.o(.text) for __scatterload
    entry9a.o(.ARM.Collect$$$$0000000B) refers to main.o(i.main) for main
    entry9b.o(.ARM.Collect$$$$0000000C) refers to main.o(i.main) for main
    init.o(.text) refers to entry5.o(.ARM.Collect$$$$00000004) for __main_after_scatterload


==============================================================================

Removing Unused input sections from the image.

    Removing stm32f4xx_assert.o(.rev16_text), (4 bytes).
    Removing stm32f4xx_assert.o(.revsh_text), (4 bytes).
    Removing stm32f4xx_it.o(.rev16_text), (4 bytes).
    Removing stm32f4xx_it.o(.revsh_text), (4 bytes).
    Removing main.o(.rev16_text), (4 bytes).
    Removing main.o(.revsh_text), (4 bytes).
    Removing can.o(.rev16_text), (4 bytes).
    Removing can.o(.revsh_text), (4 bytes).
    Removing can.o(i.can2_tx), (60 bytes).
    Removing can.o(.data), (4 bytes).
    Removing can.o(.data), (8 bytes).
    Removing can.o(.data), (2 bytes).
    Removing nvic.o(.rev16_text), (4 bytes).
    Removing nvic.o(.revsh_text), (4 bytes).
    Removing led.o(.rev16_text), (4 bytes).
    Removing led.o(.revsh_text), (4 bytes).
    Removing pwm.o(.rev16_text), (4 bytes).
    Removing pwm.o(.revsh_text), (4 bytes).
    Removing systick.o(.rev16_text), (4 bytes).
    Removing systick.o(.revsh_text), (4 bytes).
    Removing systick.o(i.Delay_ms), (20 bytes).
    Removing systick.o(.data), (1 bytes).
    Removing timer.o(.rev16_text), (4 bytes).
    Removing timer.o(.revsh_text), (4 bytes).
    Removing command.o(.rev16_text), (4 bytes).
    Removing command.o(.revsh_text), (4 bytes).
    Removing command.o(.bss), (10 bytes).
    Removing command.o(.data), (2 bytes).
    Removing startup_stm32f40_41xxx.o(HEAP), (512 bytes).
    Removing stm32f4xx_crc.o(.rev16_text), (4 bytes).
    Removing stm32f4xx_crc.o(.revsh_text), (4 bytes).
    Removing stm32f4xx_crc.o(i.CRC_CalcBlockCRC), (28 bytes).
    Removing stm32f4xx_crc.o(i.CRC_CalcCRC), (12 bytes).
    Removing stm32f4xx_crc.o(i.CRC_GetCRC), (12 bytes).
    Removing stm32f4xx_crc.o(i.CRC_GetIDRegister), (12 bytes).
    Removing stm32f4xx_crc.o(i.CRC_ResetDR), (12 bytes).
    Removing stm32f4xx_crc.o(i.CRC_SetIDRegister), (12 bytes).
    Removing stm32f4xx_gpio.o(.rev16_text), (4 bytes).
    Removing stm32f4xx_gpio.o(.revsh_text), (4 bytes).
    Removing stm32f4xx_gpio.o(i.GPIO_DeInit), (340 bytes).
    Removing stm32f4xx_gpio.o(i.GPIO_PinLockConfig), (26 bytes).
    Removing stm32f4xx_gpio.o(i.GPIO_ReadInputData), (6 bytes).
    Removing stm32f4xx_gpio.o(i.GPIO_ReadInputDataBit), (14 bytes).
    Removing stm32f4xx_gpio.o(i.GPIO_ReadOutputData), (6 bytes).
    Removing stm32f4xx_gpio.o(i.GPIO_ReadOutputDataBit), (14 bytes).
    Removing stm32f4xx_gpio.o(i.GPIO_StructInit), (18 bytes).
    Removing stm32f4xx_gpio.o(i.GPIO_Write), (4 bytes).
    Removing stm32f4xx_gpio.o(i.GPIO_WriteBit), (12 bytes).
    Removing stm32f4xx_rcc.o(.rev16_text), (4 bytes).
    Removing stm32f4xx_rcc.o(.revsh_text), (4 bytes).
    Removing stm32f4xx_rcc.o(i.RCC_AHB1PeriphClockLPModeCmd), (28 bytes).
    Removing stm32f4xx_rcc.o(i.RCC_AHB1PeriphResetCmd), (28 bytes).
    Removing stm32f4xx_rcc.o(i.RCC_AHB2PeriphClockCmd), (28 bytes).
    Removing stm32f4xx_rcc.o(i.RCC_AHB2PeriphClockLPModeCmd), (28 bytes).
    Removing stm32f4xx_rcc.o(i.RCC_AHB2PeriphResetCmd), (28 bytes).
    Removing stm32f4xx_rcc.o(i.RCC_AHB3PeriphClockCmd), (28 bytes).
    Removing stm32f4xx_rcc.o(i.RCC_AHB3PeriphClockLPModeCmd), (28 bytes).
    Removing stm32f4xx_rcc.o(i.RCC_AHB3PeriphResetCmd), (28 bytes).
    Removing stm32f4xx_rcc.o(i.RCC_APB1PeriphClockLPModeCmd), (28 bytes).
    Removing stm32f4xx_rcc.o(i.RCC_APB2PeriphClockLPModeCmd), (28 bytes).
    Removing stm32f4xx_rcc.o(i.RCC_APB2PeriphResetCmd), (28 bytes).
    Removing stm32f4xx_rcc.o(i.RCC_AdjustHSICalibrationValue), (20 bytes).
    Removing stm32f4xx_rcc.o(i.RCC_BackupResetCmd), (12 bytes).
    Removing stm32f4xx_rcc.o(i.RCC_ClearFlag), (16 bytes).
    Removing stm32f4xx_rcc.o(i.RCC_ClearITPendingBit), (12 bytes).
    Removing stm32f4xx_rcc.o(i.RCC_ClockSecuritySystemCmd), (12 bytes).
    Removing stm32f4xx_rcc.o(i.RCC_DeInit), (84 bytes).
    Removing stm32f4xx_rcc.o(i.RCC_GetClocksFreq), (164 bytes).
    Removing stm32f4xx_rcc.o(i.RCC_GetFlagStatus), (56 bytes).
    Removing stm32f4xx_rcc.o(i.RCC_GetITStatus), (20 bytes).
    Removing stm32f4xx_rcc.o(i.RCC_GetSYSCLKSource), (16 bytes).
    Removing stm32f4xx_rcc.o(i.RCC_HCLKConfig), (20 bytes).
    Removing stm32f4xx_rcc.o(i.RCC_HSEConfig), (16 bytes).
    Removing stm32f4xx_rcc.o(i.RCC_HSICmd), (12 bytes).
    Removing stm32f4xx_rcc.o(i.RCC_I2SCLKConfig), (12 bytes).
    Removing stm32f4xx_rcc.o(i.RCC_ITConfig), (28 bytes).
    Removing stm32f4xx_rcc.o(i.RCC_LSEConfig), (32 bytes).
    Removing stm32f4xx_rcc.o(i.RCC_LSICmd), (12 bytes).
    Removing stm32f4xx_rcc.o(i.RCC_LTDCCLKDivConfig), (20 bytes).
    Removing stm32f4xx_rcc.o(i.RCC_MCO1Config), (20 bytes).
    Removing stm32f4xx_rcc.o(i.RCC_MCO2Config), (20 bytes).
    Removing stm32f4xx_rcc.o(i.RCC_PCLK1Config), (20 bytes).
    Removing stm32f4xx_rcc.o(i.RCC_PCLK2Config), (20 bytes).
    Removing stm32f4xx_rcc.o(i.RCC_PLLCmd), (12 bytes).
    Removing stm32f4xx_rcc.o(i.RCC_PLLConfig), (36 bytes).
    Removing stm32f4xx_rcc.o(i.RCC_PLLI2SCmd), (12 bytes).
    Removing stm32f4xx_rcc.o(i.RCC_PLLI2SConfig), (16 bytes).
    Removing stm32f4xx_rcc.o(i.RCC_PLLSAICmd), (12 bytes).
    Removing stm32f4xx_rcc.o(i.RCC_PLLSAIConfig), (20 bytes).
    Removing stm32f4xx_rcc.o(i.RCC_RTCCLKCmd), (12 bytes).
    Removing stm32f4xx_rcc.o(i.RCC_RTCCLKConfig), (48 bytes).
    Removing stm32f4xx_rcc.o(i.RCC_SAIBlockACLKConfig), (20 bytes).
    Removing stm32f4xx_rcc.o(i.RCC_SAIBlockBCLKConfig), (20 bytes).
    Removing stm32f4xx_rcc.o(i.RCC_SAIPLLI2SClkDivConfig), (20 bytes).
    Removing stm32f4xx_rcc.o(i.RCC_SAIPLLSAIClkDivConfig), (24 bytes).
    Removing stm32f4xx_rcc.o(i.RCC_SYSCLKConfig), (20 bytes).
    Removing stm32f4xx_rcc.o(i.RCC_TIMCLKPresConfig), (12 bytes).
    Removing stm32f4xx_rcc.o(i.RCC_WaitForHSEStartUp), (48 bytes).
    Removing stm32f4xx_rcc.o(.data), (16 bytes).
    Removing stm32f4xx_syscfg.o(.rev16_text), (4 bytes).
    Removing stm32f4xx_syscfg.o(.revsh_text), (4 bytes).
    Removing stm32f4xx_syscfg.o(i.SYSCFG_CompensationCellCmd), (12 bytes).
    Removing stm32f4xx_syscfg.o(i.SYSCFG_DeInit), (24 bytes).
    Removing stm32f4xx_syscfg.o(i.SYSCFG_ETH_MediaInterfaceConfig), (12 bytes).
    Removing stm32f4xx_syscfg.o(i.SYSCFG_EXTILineConfig), (44 bytes).
    Removing stm32f4xx_syscfg.o(i.SYSCFG_GetCompensationCellStatus), (20 bytes).
    Removing stm32f4xx_syscfg.o(i.SYSCFG_MemoryRemapConfig), (12 bytes).
    Removing stm32f4xx_syscfg.o(i.SYSCFG_MemorySwappingBank), (12 bytes).
    Removing misc.o(.rev16_text), (4 bytes).
    Removing misc.o(.revsh_text), (4 bytes).
    Removing misc.o(i.NVIC_SetVectorTable), (20 bytes).
    Removing misc.o(i.NVIC_SystemLPConfig), (28 bytes).
    Removing misc.o(i.SysTick_CLKSourceConfig), (28 bytes).
    Removing stm32f4xx_can.o(.rev16_text), (4 bytes).
    Removing stm32f4xx_can.o(.revsh_text), (4 bytes).
    Removing stm32f4xx_can.o(i.CAN_CancelTransmit), (42 bytes).
    Removing stm32f4xx_can.o(i.CAN_ClearFlag), (48 bytes).
    Removing stm32f4xx_can.o(i.CAN_DBGFreeze), (24 bytes).
    Removing stm32f4xx_can.o(i.CAN_FIFORelease), (24 bytes).
    Removing stm32f4xx_can.o(i.CAN_GetFlagStatus), (82 bytes).
    Removing stm32f4xx_can.o(i.CAN_GetITStatus), (204 bytes).
    Removing stm32f4xx_can.o(i.CAN_GetLSBTransmitErrorCounter), (8 bytes).
    Removing stm32f4xx_can.o(i.CAN_GetLastErrorCode), (10 bytes).
    Removing stm32f4xx_can.o(i.CAN_GetReceiveErrorCounter), (6 bytes).
    Removing stm32f4xx_can.o(i.CAN_MessagePending), (28 bytes).
    Removing stm32f4xx_can.o(i.CAN_OperatingModeRequest), (154 bytes).
    Removing stm32f4xx_can.o(i.CAN_SlaveStartBank), (44 bytes).
    Removing stm32f4xx_can.o(i.CAN_Sleep), (30 bytes).
    Removing stm32f4xx_can.o(i.CAN_TTComModeCmd), (96 bytes).
    Removing stm32f4xx_can.o(i.CAN_TransmitStatus), (136 bytes).
    Removing stm32f4xx_can.o(i.CAN_WakeUp), (40 bytes).
    Removing stm32f4xx_can.o(i.CheckITStatus), (12 bytes).
    Removing stm32f4xx_flash.o(.rev16_text), (4 bytes).
    Removing stm32f4xx_flash.o(.revsh_text), (4 bytes).
    Removing stm32f4xx_flash.o(i.FLASH_ClearFlag), (12 bytes).
    Removing stm32f4xx_flash.o(i.FLASH_DataCacheCmd), (32 bytes).
    Removing stm32f4xx_flash.o(i.FLASH_DataCacheReset), (16 bytes).
    Removing stm32f4xx_flash.o(i.FLASH_EraseAllBank1Sectors), (92 bytes).
    Removing stm32f4xx_flash.o(i.FLASH_EraseAllBank2Sectors), (92 bytes).
    Removing stm32f4xx_flash.o(i.FLASH_EraseAllSectors), (92 bytes).
    Removing stm32f4xx_flash.o(i.FLASH_EraseSector), (112 bytes).
    Removing stm32f4xx_flash.o(i.FLASH_GetFlagStatus), (20 bytes).
    Removing stm32f4xx_flash.o(i.FLASH_GetStatus), (60 bytes).
    Removing stm32f4xx_flash.o(i.FLASH_ITConfig), (28 bytes).
    Removing stm32f4xx_flash.o(i.FLASH_InstructionCacheCmd), (32 bytes).
    Removing stm32f4xx_flash.o(i.FLASH_InstructionCacheReset), (16 bytes).
    Removing stm32f4xx_flash.o(i.FLASH_Lock), (16 bytes).
    Removing stm32f4xx_flash.o(i.FLASH_OB_BORConfig), (24 bytes).
    Removing stm32f4xx_flash.o(i.FLASH_OB_BootConfig), (24 bytes).
    Removing stm32f4xx_flash.o(i.FLASH_OB_GetBOR), (16 bytes).
    Removing stm32f4xx_flash.o(i.FLASH_OB_GetPCROP), (12 bytes).
    Removing stm32f4xx_flash.o(i.FLASH_OB_GetPCROP1), (12 bytes).
    Removing stm32f4xx_flash.o(i.FLASH_OB_GetRDP), (20 bytes).
    Removing stm32f4xx_flash.o(i.FLASH_OB_GetUser), (16 bytes).
    Removing stm32f4xx_flash.o(i.FLASH_OB_GetWRP), (12 bytes).
    Removing stm32f4xx_flash.o(i.FLASH_OB_GetWRP1), (12 bytes).
    Removing stm32f4xx_flash.o(i.FLASH_OB_Launch), (20 bytes).
    Removing stm32f4xx_flash.o(i.FLASH_OB_Lock), (16 bytes).
    Removing stm32f4xx_flash.o(i.FLASH_OB_PCROP1Config), (40 bytes).
    Removing stm32f4xx_flash.o(i.FLASH_OB_PCROPConfig), (40 bytes).
    Removing stm32f4xx_flash.o(i.FLASH_OB_PCROPSelectionConfig), (20 bytes).
    Removing stm32f4xx_flash.o(i.FLASH_OB_RDPConfig), (24 bytes).
    Removing stm32f4xx_flash.o(i.FLASH_OB_Unlock), (36 bytes).
    Removing stm32f4xx_flash.o(i.FLASH_OB_UserConfig), (40 bytes).
    Removing stm32f4xx_flash.o(i.FLASH_OB_WRP1Config), (40 bytes).
    Removing stm32f4xx_flash.o(i.FLASH_OB_WRPConfig), (40 bytes).
    Removing stm32f4xx_flash.o(i.FLASH_PrefetchBufferCmd), (32 bytes).
    Removing stm32f4xx_flash.o(i.FLASH_ProgramByte), (56 bytes).
    Removing stm32f4xx_flash.o(i.FLASH_ProgramDoubleWord), (64 bytes).
    Removing stm32f4xx_flash.o(i.FLASH_ProgramHalfWord), (60 bytes).
    Removing stm32f4xx_flash.o(i.FLASH_ProgramWord), (60 bytes).
    Removing stm32f4xx_flash.o(i.FLASH_SetLatency), (12 bytes).
    Removing stm32f4xx_flash.o(i.FLASH_Unlock), (36 bytes).
    Removing stm32f4xx_flash.o(i.FLASH_WaitForLastOperation), (34 bytes).
    Removing stm32f4xx_tim.o(.rev16_text), (4 bytes).
    Removing stm32f4xx_tim.o(.revsh_text), (4 bytes).
    Removing stm32f4xx_tim.o(i.TI1_Config), (46 bytes).
    Removing stm32f4xx_tim.o(i.TI2_Config), (54 bytes).
    Removing stm32f4xx_tim.o(i.TI3_Config), (50 bytes).
    Removing stm32f4xx_tim.o(i.TI4_Config), (54 bytes).
    Removing stm32f4xx_tim.o(i.TIM_BDTRConfig), (34 bytes).
    Removing stm32f4xx_tim.o(i.TIM_BDTRStructInit), (18 bytes).
    Removing stm32f4xx_tim.o(i.TIM_CCPreloadControl), (24 bytes).
    Removing stm32f4xx_tim.o(i.TIM_CCxCmd), (22 bytes).
    Removing stm32f4xx_tim.o(i.TIM_CCxNCmd), (22 bytes).
    Removing stm32f4xx_tim.o(i.TIM_ClearFlag), (6 bytes).
    Removing stm32f4xx_tim.o(i.TIM_ClearOC1Ref), (12 bytes).
    Removing stm32f4xx_tim.o(i.TIM_ClearOC2Ref), (20 bytes).
    Removing stm32f4xx_tim.o(i.TIM_ClearOC3Ref), (12 bytes).
    Removing stm32f4xx_tim.o(i.TIM_ClearOC4Ref), (20 bytes).
    Removing stm32f4xx_tim.o(i.TIM_CounterModeConfig), (12 bytes).
    Removing stm32f4xx_tim.o(i.TIM_DMACmd), (20 bytes).
    Removing stm32f4xx_tim.o(i.TIM_DMAConfig), (8 bytes).
    Removing stm32f4xx_tim.o(i.TIM_DeInit), (428 bytes).
    Removing stm32f4xx_tim.o(i.TIM_ETRClockMode1Config), (32 bytes).
    Removing stm32f4xx_tim.o(i.TIM_ETRClockMode2Config), (20 bytes).
    Removing stm32f4xx_tim.o(i.TIM_ETRConfig), (24 bytes).
    Removing stm32f4xx_tim.o(i.TIM_EncoderInterfaceConfig), (50 bytes).
    Removing stm32f4xx_tim.o(i.TIM_ForcedOC1Config), (12 bytes).
    Removing stm32f4xx_tim.o(i.TIM_ForcedOC2Config), (20 bytes).
    Removing stm32f4xx_tim.o(i.TIM_ForcedOC3Config), (12 bytes).
    Removing stm32f4xx_tim.o(i.TIM_ForcedOC4Config), (20 bytes).
    Removing stm32f4xx_tim.o(i.TIM_GenerateEvent), (4 bytes).
    Removing stm32f4xx_tim.o(i.TIM_GetCapture1), (4 bytes).
    Removing stm32f4xx_tim.o(i.TIM_GetCapture2), (4 bytes).
    Removing stm32f4xx_tim.o(i.TIM_GetCapture3), (4 bytes).
    Removing stm32f4xx_tim.o(i.TIM_GetCapture4), (4 bytes).
    Removing stm32f4xx_tim.o(i.TIM_GetCounter), (4 bytes).
    Removing stm32f4xx_tim.o(i.TIM_GetFlagStatus), (14 bytes).
    Removing stm32f4xx_tim.o(i.TIM_GetPrescaler), (4 bytes).
    Removing stm32f4xx_tim.o(i.TIM_ICInit), (98 bytes).
    Removing stm32f4xx_tim.o(i.TIM_ICStructInit), (16 bytes).
    Removing stm32f4xx_tim.o(i.TIM_ITRxExternalClockConfig), (20 bytes).
    Removing stm32f4xx_tim.o(i.TIM_InternalClockConfig), (10 bytes).
    Removing stm32f4xx_tim.o(i.TIM_OC1FastConfig), (12 bytes).
    Removing stm32f4xx_tim.o(i.TIM_OC1Init), (104 bytes).
    Removing stm32f4xx_tim.o(i.TIM_OC1NPolarityConfig), (12 bytes).
    Removing stm32f4xx_tim.o(i.TIM_OC1PolarityConfig), (12 bytes).
    Removing stm32f4xx_tim.o(i.TIM_OC1PreloadConfig), (12 bytes).
    Removing stm32f4xx_tim.o(i.TIM_OC2FastConfig), (20 bytes).
    Removing stm32f4xx_tim.o(i.TIM_OC2Init), (136 bytes).
    Removing stm32f4xx_tim.o(i.TIM_OC2NPolarityConfig), (20 bytes).
    Removing stm32f4xx_tim.o(i.TIM_OC2PolarityConfig), (20 bytes).
    Removing stm32f4xx_tim.o(i.TIM_OC2PreloadConfig), (20 bytes).
    Removing stm32f4xx_tim.o(i.TIM_OC3FastConfig), (12 bytes).
    Removing stm32f4xx_tim.o(i.TIM_OC3NPolarityConfig), (20 bytes).
    Removing stm32f4xx_tim.o(i.TIM_OC3PolarityConfig), (20 bytes).
    Removing stm32f4xx_tim.o(i.TIM_OC4FastConfig), (20 bytes).
    Removing stm32f4xx_tim.o(i.TIM_OC4PolarityConfig), (20 bytes).
    Removing stm32f4xx_tim.o(i.TIM_OCStructInit), (20 bytes).
    Removing stm32f4xx_tim.o(i.TIM_PWMIConfig), (110 bytes).
    Removing stm32f4xx_tim.o(i.TIM_PrescalerConfig), (6 bytes).
    Removing stm32f4xx_tim.o(i.TIM_RemapConfig), (6 bytes).
    Removing stm32f4xx_tim.o(i.TIM_SelectCCDMA), (24 bytes).
    Removing stm32f4xx_tim.o(i.TIM_SelectCOM), (24 bytes).
    Removing stm32f4xx_tim.o(i.TIM_SelectHallSensor), (24 bytes).
    Removing stm32f4xx_tim.o(i.TIM_SelectInputTrigger), (12 bytes).
    Removing stm32f4xx_tim.o(i.TIM_SelectMasterSlaveMode), (16 bytes).
    Removing stm32f4xx_tim.o(i.TIM_SelectOCxM), (80 bytes).
    Removing stm32f4xx_tim.o(i.TIM_SelectOnePulseMode), (16 bytes).
    Removing stm32f4xx_tim.o(i.TIM_SelectOutputTrigger), (16 bytes).
    Removing stm32f4xx_tim.o(i.TIM_SelectSlaveMode), (16 bytes).
    Removing stm32f4xx_tim.o(i.TIM_SetAutoreload), (4 bytes).
    Removing stm32f4xx_tim.o(i.TIM_SetClockDivision), (16 bytes).
    Removing stm32f4xx_tim.o(i.TIM_SetCompare1), (4 bytes).
    Removing stm32f4xx_tim.o(i.TIM_SetCompare2), (4 bytes).
    Removing stm32f4xx_tim.o(i.TIM_SetCompare4), (4 bytes).
    Removing stm32f4xx_tim.o(i.TIM_SetCounter), (4 bytes).
    Removing stm32f4xx_tim.o(i.TIM_SetIC1Prescaler), (16 bytes).
    Removing stm32f4xx_tim.o(i.TIM_SetIC2Prescaler), (24 bytes).
    Removing stm32f4xx_tim.o(i.TIM_SetIC3Prescaler), (16 bytes).
    Removing stm32f4xx_tim.o(i.TIM_SetIC4Prescaler), (24 bytes).
    Removing stm32f4xx_tim.o(i.TIM_TIxExternalClockConfig), (48 bytes).
    Removing stm32f4xx_tim.o(i.TIM_TimeBaseStructInit), (18 bytes).
    Removing stm32f4xx_tim.o(i.TIM_UpdateDisableConfig), (24 bytes).
    Removing stm32f4xx_tim.o(i.TIM_UpdateRequestConfig), (24 bytes).
    Removing system_stm32f4xx.o(.rev16_text), (4 bytes).
    Removing system_stm32f4xx.o(.revsh_text), (4 bytes).
    Removing system_stm32f4xx.o(i.SystemCoreClockUpdate), (136 bytes).

259 unused section(s) (total 7671 bytes) removed from the image.

==============================================================================

Image Symbol Table

    Local Symbols

    Symbol Name                              Value     Ov Type        Size  Object(Section)

    ../clib/microlib/init/entry.s            0x00000000   Number         0  entry11a.o ABSOLUTE
    ../clib/microlib/init/entry.s            0x00000000   Number         0  entry7b.o ABSOLUTE
    ../clib/microlib/init/entry.s            0x00000000   Number         0  entry8a.o ABSOLUTE
    ../clib/microlib/init/entry.s            0x00000000   Number         0  entry10b.o ABSOLUTE
    ../clib/microlib/init/entry.s            0x00000000   Number         0  entry.o ABSOLUTE
    ../clib/microlib/init/entry.s            0x00000000   Number         0  entry10a.o ABSOLUTE
    ../clib/microlib/init/entry.s            0x00000000   Number         0  entry9b.o ABSOLUTE
    ../clib/microlib/init/entry.s            0x00000000   Number         0  entry9a.o ABSOLUTE
    ../clib/microlib/init/entry.s            0x00000000   Number         0  entry2.o ABSOLUTE
    ../clib/microlib/init/entry.s            0x00000000   Number         0  entry8b.o ABSOLUTE
    ../clib/microlib/init/entry.s            0x00000000   Number         0  entry11b.o ABSOLUTE
    ../clib/microlib/init/entry.s            0x00000000   Number         0  entry7a.o ABSOLUTE
    ../clib/microlib/init/entry.s            0x00000000   Number         0  entry5.o ABSOLUTE
    ..\Libraries\CMSIS\Device\ST\STM32F4xx\Source\Templates\arm\startup_stm32f40_41xxx.s 0x00000000   Number         0  startup_stm32f40_41xxx.o ABSOLUTE
    ..\Libraries\STM32F4xx_StdPeriph_Driver\src\misc.c 0x00000000   Number         0  misc.o ABSOLUTE
    ..\Libraries\STM32F4xx_StdPeriph_Driver\src\stm32f4xx_can.c 0x00000000   Number         0  stm32f4xx_can.o ABSOLUTE
    ..\Libraries\STM32F4xx_StdPeriph_Driver\src\stm32f4xx_crc.c 0x00000000   Number         0  stm32f4xx_crc.o ABSOLUTE
    ..\Libraries\STM32F4xx_StdPeriph_Driver\src\stm32f4xx_flash.c 0x00000000   Number         0  stm32f4xx_flash.o ABSOLUTE
    ..\Libraries\STM32F4xx_StdPeriph_Driver\src\stm32f4xx_gpio.c 0x00000000   Number         0  stm32f4xx_gpio.o ABSOLUTE
    ..\Libraries\STM32F4xx_StdPeriph_Driver\src\stm32f4xx_rcc.c 0x00000000   Number         0  stm32f4xx_rcc.o ABSOLUTE
    ..\Libraries\STM32F4xx_StdPeriph_Driver\src\stm32f4xx_syscfg.c 0x00000000   Number         0  stm32f4xx_syscfg.o ABSOLUTE
    ..\Libraries\STM32F4xx_StdPeriph_Driver\src\stm32f4xx_tim.c 0x00000000   Number         0  stm32f4xx_tim.o ABSOLUTE
    ..\User\CAN.C                            0x00000000   Number         0  can.o ABSOLUTE
    ..\User\LED.C                            0x00000000   Number         0  led.o ABSOLUTE
    ..\User\NVIC.C                           0x00000000   Number         0  nvic.o ABSOLUTE
    ..\User\SysTick.C                        0x00000000   Number         0  systick.o ABSOLUTE
    ..\User\command.c                        0x00000000   Number         0  command.o ABSOLUTE
    ..\User\main.c                           0x00000000   Number         0  main.o ABSOLUTE
    ..\User\pwm.c                            0x00000000   Number         0  pwm.o ABSOLUTE
    ..\User\stm32f4xx_assert.c               0x00000000   Number         0  stm32f4xx_assert.o ABSOLUTE
    ..\User\stm32f4xx_it.c                   0x00000000   Number         0  stm32f4xx_it.o ABSOLUTE
    ..\User\system_stm32f4xx.c               0x00000000   Number         0  system_stm32f4xx.o ABSOLUTE
    ..\User\timer.C                          0x00000000   Number         0  timer.o ABSOLUTE
    ..\\Libraries\\STM32F4xx_StdPeriph_Driver\\src\\misc.c 0x00000000   Number         0  misc.o ABSOLUTE
    ..\\Libraries\\STM32F4xx_StdPeriph_Driver\\src\\stm32f4xx_can.c 0x00000000   Number         0  stm32f4xx_can.o ABSOLUTE
    ..\\Libraries\\STM32F4xx_StdPeriph_Driver\\src\\stm32f4xx_crc.c 0x00000000   Number         0  stm32f4xx_crc.o ABSOLUTE
    ..\\Libraries\\STM32F4xx_StdPeriph_Driver\\src\\stm32f4xx_flash.c 0x00000000   Number         0  stm32f4xx_flash.o ABSOLUTE
    ..\\Libraries\\STM32F4xx_StdPeriph_Driver\\src\\stm32f4xx_gpio.c 0x00000000   Number         0  stm32f4xx_gpio.o ABSOLUTE
    ..\\Libraries\\STM32F4xx_StdPeriph_Driver\\src\\stm32f4xx_rcc.c 0x00000000   Number         0  stm32f4xx_rcc.o ABSOLUTE
    ..\\Libraries\\STM32F4xx_StdPeriph_Driver\\src\\stm32f4xx_syscfg.c 0x00000000   Number         0  stm32f4xx_syscfg.o ABSOLUTE
    ..\\Libraries\\STM32F4xx_StdPeriph_Driver\\src\\stm32f4xx_tim.c 0x00000000   Number         0  stm32f4xx_tim.o ABSOLUTE
    ..\\User\\CAN.C                          0x00000000   Number         0  can.o ABSOLUTE
    ..\\User\\LED.C                          0x00000000   Number         0  led.o ABSOLUTE
    ..\\User\\NVIC.C                         0x00000000   Number         0  nvic.o ABSOLUTE
    ..\\User\\SysTick.C                      0x00000000   Number         0  systick.o ABSOLUTE
    ..\\User\\command.c                      0x00000000   Number         0  command.o ABSOLUTE
    ..\\User\\main.c                         0x00000000   Number         0  main.o ABSOLUTE
    ..\\User\\pwm.c                          0x00000000   Number         0  pwm.o ABSOLUTE
    ..\\User\\stm32f4xx_assert.c             0x00000000   Number         0  stm32f4xx_assert.o ABSOLUTE
    ..\\User\\stm32f4xx_it.c                 0x00000000   Number         0  stm32f4xx_it.o ABSOLUTE
    ..\\User\\system_stm32f4xx.c             0x00000000   Number         0  system_stm32f4xx.o ABSOLUTE
    ..\\User\\timer.C                        0x00000000   Number         0  timer.o ABSOLUTE
    dc.s                                     0x00000000   Number         0  dc.o ABSOLUTE
    handlers.s                               0x00000000   Number         0  handlers.o ABSOLUTE
    init.s                                   0x00000000   Number         0  init.o ABSOLUTE
    RESET                                    0x08000000   Section      392  startup_stm32f40_41xxx.o(RESET)
    .ARM.Collect$$$$00000000                 0x08000188   Section        0  entry.o(.ARM.Collect$$$$00000000)
    .ARM.Collect$$$$00000001                 0x08000188   Section        4  entry2.o(.ARM.Collect$$$$00000001)
    .ARM.Collect$$$$00000004                 0x0800018c   Section        4  entry5.o(.ARM.Collect$$$$00000004)
    .ARM.Collect$$$$00000008                 0x08000190   Section        0  entry7b.o(.ARM.Collect$$$$00000008)
    .ARM.Collect$$$$0000000A                 0x08000190   Section        0  entry8b.o(.ARM.Collect$$$$0000000A)
    .ARM.Collect$$$$0000000B                 0x08000190   Section        8  entry9a.o(.ARM.Collect$$$$0000000B)
    .ARM.Collect$$$$0000000D                 0x08000198   Section        0  entry10a.o(.ARM.Collect$$$$0000000D)
    .ARM.Collect$$$$0000000F                 0x08000198   Section        0  entry11a.o(.ARM.Collect$$$$0000000F)
    .ARM.Collect$$$$00002712                 0x08000198   Section        4  entry2.o(.ARM.Collect$$$$00002712)
    __lit__00000000                          0x08000198   Data           4  entry2.o(.ARM.Collect$$$$00002712)
    .text                                    0x0800019c   Section       36  startup_stm32f40_41xxx.o(.text)
    $v0                                      0x0800019c   Number         0  startup_stm32f40_41xxx.o(.text)
    .text                                    0x080001c0   Section       36  init.o(.text)
    i.BusFault_Handler                       0x080001e4   Section        0  stm32f4xx_it.o(i.BusFault_Handler)
    i.CAN1_Configuration                     0x080001e8   Section        0  can.o(i.CAN1_Configuration)
    i.CAN1_RX0_IRQHandler                    0x080002b0   Section        0  can.o(i.CAN1_RX0_IRQHandler)
    i.CAN2_Configuration                     0x08000310   Section        0  can.o(i.CAN2_Configuration)
    i.CAN2_RX0_IRQHandler                    0x080003e0   Section        0  can.o(i.CAN2_RX0_IRQHandler)
    i.CAN_Baud_Process                       0x08000438   Section        0  can.o(i.CAN_Baud_Process)
    i.CAN_ClearITPendingBit                  0x08000470   Section        0  stm32f4xx_can.o(i.CAN_ClearITPendingBit)
    i.CAN_DeInit                             0x080004f8   Section        0  stm32f4xx_can.o(i.CAN_DeInit)
    i.CAN_FilterInit                         0x08000530   Section        0  stm32f4xx_can.o(i.CAN_FilterInit)
    i.CAN_ITConfig                           0x08000604   Section        0  stm32f4xx_can.o(i.CAN_ITConfig)
    i.CAN_Init                               0x08000618   Section        0  stm32f4xx_can.o(i.CAN_Init)
    i.CAN_Receive                            0x0800071c   Section        0  stm32f4xx_can.o(i.CAN_Receive)
    i.CAN_StructInit                         0x0800079e   Section        0  stm32f4xx_can.o(i.CAN_StructInit)
    i.CAN_Transmit                           0x080007be   Section        0  stm32f4xx_can.o(i.CAN_Transmit)
    i.ChangeMotorSpeed                       0x08000874   Section        0  command.o(i.ChangeMotorSpeed)
    i.DebugMon_Handler                       0x08000918   Section        0  stm32f4xx_it.o(i.DebugMon_Handler)
    i.GPIO_Init                              0x0800091a   Section        0  stm32f4xx_gpio.o(i.GPIO_Init)
    i.GPIO_PinAFConfig                       0x08000996   Section        0  stm32f4xx_gpio.o(i.GPIO_PinAFConfig)
    i.GPIO_ResetBits                         0x080009b6   Section        0  stm32f4xx_gpio.o(i.GPIO_ResetBits)
    i.GPIO_SetBits                           0x080009ba   Section        0  stm32f4xx_gpio.o(i.GPIO_SetBits)
    i.GPIO_ToggleBits                        0x080009be   Section        0  stm32f4xx_gpio.o(i.GPIO_ToggleBits)
    i.HardFault_Handler                      0x080009c6   Section        0  stm32f4xx_it.o(i.HardFault_Handler)
    i.LED_GPIO_Config                        0x080009c8   Section        0  led.o(i.LED_GPIO_Config)
    i.MemManage_Handler                      0x080009fc   Section        0  stm32f4xx_it.o(i.MemManage_Handler)
    i.MotorExecuteCMD                        0x08000a00   Section        0  command.o(i.MotorExecuteCMD)
    i.Motor_GPIO_Config                      0x08000b7c   Section        0  command.o(i.Motor_GPIO_Config)
    i.NMI_Handler                            0x08000c04   Section        0  stm32f4xx_it.o(i.NMI_Handler)
    i.NVIC_Configuration                     0x08000c06   Section        0  nvic.o(i.NVIC_Configuration)
    i.NVIC_Init                              0x08000c70   Section        0  misc.o(i.NVIC_Init)
    i.NVIC_PriorityGroupConfig               0x08000cd8   Section        0  misc.o(i.NVIC_PriorityGroupConfig)
    i.PendSV_Handler                         0x08000cec   Section        0  stm32f4xx_it.o(i.PendSV_Handler)
    i.RCC_AHB1PeriphClockCmd                 0x08000cf0   Section        0  stm32f4xx_rcc.o(i.RCC_AHB1PeriphClockCmd)
    i.RCC_APB1PeriphClockCmd                 0x08000d0c   Section        0  stm32f4xx_rcc.o(i.RCC_APB1PeriphClockCmd)
    i.RCC_APB1PeriphResetCmd                 0x08000d28   Section        0  stm32f4xx_rcc.o(i.RCC_APB1PeriphResetCmd)
    i.RCC_APB2PeriphClockCmd                 0x08000d44   Section        0  stm32f4xx_rcc.o(i.RCC_APB2PeriphClockCmd)
    i.SVC_Handler                            0x08000d60   Section        0  stm32f4xx_it.o(i.SVC_Handler)
    i.SetSysClock                            0x08000d64   Section        0  system_stm32f4xx.o(i.SetSysClock)
    SetSysClock                              0x08000d65   Thumb Code   168  system_stm32f4xx.o(i.SetSysClock)
    i.SysTick_Configuration                  0x08000e1c   Section        0  systick.o(i.SysTick_Configuration)
    i.SysTick_Handler                        0x08000e5c   Section        0  systick.o(i.SysTick_Handler)
    i.SystemInit                             0x08000e60   Section        0  system_stm32f4xx.o(i.SystemInit)
    i.TIM1_PWM_Init                          0x08000ebc   Section        0  pwm.o(i.TIM1_PWM_Init)
    i.TIM2_IRQHandler                        0x08000f98   Section        0  timer.o(i.TIM2_IRQHandler)
    i.TIM_ARRPreloadConfig                   0x08000fdc   Section        0  stm32f4xx_tim.o(i.TIM_ARRPreloadConfig)
    i.TIM_ClearITPendingBit                  0x08000ff4   Section        0  stm32f4xx_tim.o(i.TIM_ClearITPendingBit)
    i.TIM_Cmd                                0x08000ffa   Section        0  stm32f4xx_tim.o(i.TIM_Cmd)
    i.TIM_Configuration                      0x08001012   Section        0  timer.o(i.TIM_Configuration)
    i.TIM_CtrlPWMOutputs                     0x08001052   Section        0  stm32f4xx_tim.o(i.TIM_CtrlPWMOutputs)
    i.TIM_GetITStatus                        0x0800106e   Section        0  stm32f4xx_tim.o(i.TIM_GetITStatus)
    i.TIM_ITConfig                           0x08001086   Section        0  stm32f4xx_tim.o(i.TIM_ITConfig)
    i.TIM_OC3Init                            0x0800109c   Section        0  stm32f4xx_tim.o(i.TIM_OC3Init)
    i.TIM_OC3PreloadConfig                   0x08001120   Section        0  stm32f4xx_tim.o(i.TIM_OC3PreloadConfig)
    i.TIM_OC4Init                            0x0800112c   Section        0  stm32f4xx_tim.o(i.TIM_OC4Init)
    i.TIM_OC4PreloadConfig                   0x08001190   Section        0  stm32f4xx_tim.o(i.TIM_OC4PreloadConfig)
    i.TIM_SetCompare3                        0x080011a4   Section        0  stm32f4xx_tim.o(i.TIM_SetCompare3)
    i.TIM_TimeBaseInit                       0x080011a8   Section        0  stm32f4xx_tim.o(i.TIM_TimeBaseInit)
    i.TimingDelay_Decrement                  0x08001224   Section        0  systick.o(i.TimingDelay_Decrement)
    i.UsageFault_Handler                     0x08001238   Section        0  stm32f4xx_it.o(i.UsageFault_Handler)
    i.__scatterload_copy                     0x0800123a   Section       14  handlers.o(i.__scatterload_copy)
    i.__scatterload_null                     0x08001248   Section        2  handlers.o(i.__scatterload_null)
    i.__scatterload_zeroinit                 0x0800124a   Section       14  handlers.o(i.__scatterload_zeroinit)
    i.can1_tx                                0x08001258   Section        0  can.o(i.can1_tx)
    i.main                                   0x08001294   Section        0  main.o(i.main)
    .constdata                               0x080012c0   Section      360  can.o(.constdata)
    .data                                    0x20000000   Section        2  can.o(.data)
    .data                                    0x20000002   Section        2  can.o(.data)
    .data                                    0x20000004   Section        4  systick.o(.data)
    .data                                    0x20000008   Section        2  timer.o(.data)
    time_count                               0x20000008   Data           2  timer.o(.data)
    .data                                    0x2000000c   Section       28  command.o(.data)
    temp_gear_val                            0x2000000c   Data           1  command.o(.data)
    gear_flag                                0x2000000d   Data           1  command.o(.data)
    speed_flag                               0x2000000e   Data           1  command.o(.data)
    motor_speed_record                       0x20000010   Data           2  command.o(.data)
    delay_count                              0x20000014   Data           4  command.o(.data)
    delay_time                               0x20000018   Data           4  command.o(.data)
    .data                                    0x20000028   Section       20  system_stm32f4xx.o(.data)
    STACK                                    0x20000040   Section     1024  startup_stm32f40_41xxx.o(STACK)

    Global Symbols

    Symbol Name                              Value     Ov Type        Size  Object(Section)

    BuildAttributes$$THM_ISAv4$E$P$D$K$B$S$7EM$VFPi3$EXTD16$VFPS$VFMA$PE$A:L22UL41UL21$X:L11$S22US41US21$IEEE1$IW$USESV6$~STKCKD$USESV7$~SHL$OSPACE$EBA8$MICROLIB$REQ8$PRES8$EABIv2 0x00000000   Number         0  anon$$obj.o ABSOLUTE
    __ARM_use_no_argv                        0x00000000   Number         0  main.o ABSOLUTE
    __cpp_initialize__aeabi_                  - Undefined Weak Reference
    __cxa_finalize                            - Undefined Weak Reference
    __decompress                              - Undefined Weak Reference
    _clock_init                               - Undefined Weak Reference
    _microlib_exit                            - Undefined Weak Reference
    __Vectors_Size                           0x00000188   Number         0  startup_stm32f40_41xxx.o ABSOLUTE
    __Vectors                                0x08000000   Data           4  startup_stm32f40_41xxx.o(RESET)
    __Vectors_End                            0x08000188   Data           0  startup_stm32f40_41xxx.o(RESET)
    __main                                   0x08000189   Thumb Code     0  entry.o(.ARM.Collect$$$$00000000)
    _main_stk                                0x08000189   Thumb Code     0  entry2.o(.ARM.Collect$$$$00000001)
    _main_scatterload                        0x0800018d   Thumb Code     0  entry5.o(.ARM.Collect$$$$00000004)
    __main_after_scatterload                 0x08000191   Thumb Code     0  entry5.o(.ARM.Collect$$$$00000004)
    _main_clock                              0x08000191   Thumb Code     0  entry7b.o(.ARM.Collect$$$$00000008)
    _main_cpp_init                           0x08000191   Thumb Code     0  entry8b.o(.ARM.Collect$$$$0000000A)
    _main_init                               0x08000191   Thumb Code     0  entry9a.o(.ARM.Collect$$$$0000000B)
    __rt_final_cpp                           0x08000199   Thumb Code     0  entry10a.o(.ARM.Collect$$$$0000000D)
    __rt_final_exit                          0x08000199   Thumb Code     0  entry11a.o(.ARM.Collect$$$$0000000F)
    Reset_Handler                            0x0800019d   Thumb Code     8  startup_stm32f40_41xxx.o(.text)
    ADC_IRQHandler                           0x080001b7   Thumb Code     0  startup_stm32f40_41xxx.o(.text)
    CAN1_RX1_IRQHandler                      0x080001b7   Thumb Code     0  startup_stm32f40_41xxx.o(.text)
    CAN1_SCE_IRQHandler                      0x080001b7   Thumb Code     0  startup_stm32f40_41xxx.o(.text)
    CAN1_TX_IRQHandler                       0x080001b7   Thumb Code     0  startup_stm32f40_41xxx.o(.text)
    CAN2_RX1_IRQHandler                      0x080001b7   Thumb Code     0  startup_stm32f40_41xxx.o(.text)
    CAN2_SCE_IRQHandler                      0x080001b7   Thumb Code     0  startup_stm32f40_41xxx.o(.text)
    CAN2_TX_IRQHandler                       0x080001b7   Thumb Code     0  startup_stm32f40_41xxx.o(.text)
    CRYP_IRQHandler                          0x080001b7   Thumb Code     0  startup_stm32f40_41xxx.o(.text)
    DCMI_IRQHandler                          0x080001b7   Thumb Code     0  startup_stm32f40_41xxx.o(.text)
    DMA1_Stream0_IRQHandler                  0x080001b7   Thumb Code     0  startup_stm32f40_41xxx.o(.text)
    DMA1_Stream1_IRQHandler                  0x080001b7   Thumb Code     0  startup_stm32f40_41xxx.o(.text)
    DMA1_Stream2_IRQHandler                  0x080001b7   Thumb Code     0  startup_stm32f40_41xxx.o(.text)
    DMA1_Stream3_IRQHandler                  0x080001b7   Thumb Code     0  startup_stm32f40_41xxx.o(.text)
    DMA1_Stream4_IRQHandler                  0x080001b7   Thumb Code     0  startup_stm32f40_41xxx.o(.text)
    DMA1_Stream5_IRQHandler                  0x080001b7   Thumb Code     0  startup_stm32f40_41xxx.o(.text)
    DMA1_Stream6_IRQHandler                  0x080001b7   Thumb Code     0  startup_stm32f40_41xxx.o(.text)
    DMA1_Stream7_IRQHandler                  0x080001b7   Thumb Code     0  startup_stm32f40_41xxx.o(.text)
    DMA2_Stream0_IRQHandler                  0x080001b7   Thumb Code     0  startup_stm32f40_41xxx.o(.text)
    DMA2_Stream1_IRQHandler                  0x080001b7   Thumb Code     0  startup_stm32f40_41xxx.o(.text)
    DMA2_Stream2_IRQHandler                  0x080001b7   Thumb Code     0  startup_stm32f40_41xxx.o(.text)
    DMA2_Stream3_IRQHandler                  0x080001b7   Thumb Code     0  startup_stm32f40_41xxx.o(.text)
    DMA2_Stream4_IRQHandler                  0x080001b7   Thumb Code     0  startup_stm32f40_41xxx.o(.text)
    DMA2_Stream5_IRQHandler                  0x080001b7   Thumb Code     0  startup_stm32f40_41xxx.o(.text)
    DMA2_Stream6_IRQHandler                  0x080001b7   Thumb Code     0  startup_stm32f40_41xxx.o(.text)
    DMA2_Stream7_IRQHandler                  0x080001b7   Thumb Code     0  startup_stm32f40_41xxx.o(.text)
    ETH_IRQHandler                           0x080001b7   Thumb Code     0  startup_stm32f40_41xxx.o(.text)
    ETH_WKUP_IRQHandler                      0x080001b7   Thumb Code     0  startup_stm32f40_41xxx.o(.text)
    EXTI0_IRQHandler                         0x080001b7   Thumb Code     0  startup_stm32f40_41xxx.o(.text)
    EXTI15_10_IRQHandler                     0x080001b7   Thumb Code     0  startup_stm32f40_41xxx.o(.text)
    EXTI1_IRQHandler                         0x080001b7   Thumb Code     0  startup_stm32f40_41xxx.o(.text)
    EXTI2_IRQHandler                         0x080001b7   Thumb Code     0  startup_stm32f40_41xxx.o(.text)
    EXTI3_IRQHandler                         0x080001b7   Thumb Code     0  startup_stm32f40_41xxx.o(.text)
    EXTI4_IRQHandler                         0x080001b7   Thumb Code     0  startup_stm32f40_41xxx.o(.text)
    EXTI9_5_IRQHandler                       0x080001b7   Thumb Code     0  startup_stm32f40_41xxx.o(.text)
    FLASH_IRQHandler                         0x080001b7   Thumb Code     0  startup_stm32f40_41xxx.o(.text)
    FPU_IRQHandler                           0x080001b7   Thumb Code     0  startup_stm32f40_41xxx.o(.text)
    FSMC_IRQHandler                          0x080001b7   Thumb Code     0  startup_stm32f40_41xxx.o(.text)
    HASH_RNG_IRQHandler                      0x080001b7   Thumb Code     0  startup_stm32f40_41xxx.o(.text)
    I2C1_ER_IRQHandler                       0x080001b7   Thumb Code     0  startup_stm32f40_41xxx.o(.text)
    I2C1_EV_IRQHandler                       0x080001b7   Thumb Code     0  startup_stm32f40_41xxx.o(.text)
    I2C2_ER_IRQHandler                       0x080001b7   Thumb Code     0  startup_stm32f40_41xxx.o(.text)
    I2C2_EV_IRQHandler                       0x080001b7   Thumb Code     0  startup_stm32f40_41xxx.o(.text)
    I2C3_ER_IRQHandler                       0x080001b7   Thumb Code     0  startup_stm32f40_41xxx.o(.text)
    I2C3_EV_IRQHandler                       0x080001b7   Thumb Code     0  startup_stm32f40_41xxx.o(.text)
    OTG_FS_IRQHandler                        0x080001b7   Thumb Code     0  startup_stm32f40_41xxx.o(.text)
    OTG_FS_WKUP_IRQHandler                   0x080001b7   Thumb Code     0  startup_stm32f40_41xxx.o(.text)
    OTG_HS_EP1_IN_IRQHandler                 0x080001b7   Thumb Code     0  startup_stm32f40_41xxx.o(.text)
    OTG_HS_EP1_OUT_IRQHandler                0x080001b7   Thumb Code     0  startup_stm32f40_41xxx.o(.text)
    OTG_HS_IRQHandler                        0x080001b7   Thumb Code     0  startup_stm32f40_41xxx.o(.text)
    OTG_HS_WKUP_IRQHandler                   0x080001b7   Thumb Code     0  startup_stm32f40_41xxx.o(.text)
    PVD_IRQHandler                           0x080001b7   Thumb Code     0  startup_stm32f40_41xxx.o(.text)
    RCC_IRQHandler                           0x080001b7   Thumb Code     0  startup_stm32f40_41xxx.o(.text)
    RTC_Alarm_IRQHandler                     0x080001b7   Thumb Code     0  startup_stm32f40_41xxx.o(.text)
    RTC_WKUP_IRQHandler                      0x080001b7   Thumb Code     0  startup_stm32f40_41xxx.o(.text)
    SDIO_IRQHandler                          0x080001b7   Thumb Code     0  startup_stm32f40_41xxx.o(.text)
    SPI1_IRQHandler                          0x080001b7   Thumb Code     0  startup_stm32f40_41xxx.o(.text)
    SPI2_IRQHandler                          0x080001b7   Thumb Code     0  startup_stm32f40_41xxx.o(.text)
    SPI3_IRQHandler                          0x080001b7   Thumb Code     0  startup_stm32f40_41xxx.o(.text)
    TAMP_STAMP_IRQHandler                    0x080001b7   Thumb Code     0  startup_stm32f40_41xxx.o(.text)
    TIM1_BRK_TIM9_IRQHandler                 0x080001b7   Thumb Code     0  startup_stm32f40_41xxx.o(.text)
    TIM1_CC_IRQHandler                       0x080001b7   Thumb Code     0  startup_stm32f40_41xxx.o(.text)
    TIM1_TRG_COM_TIM11_IRQHandler            0x080001b7   Thumb Code     0  startup_stm32f40_41xxx.o(.text)
    TIM1_UP_TIM10_IRQHandler                 0x080001b7   Thumb Code     0  startup_stm32f40_41xxx.o(.text)
    TIM3_IRQHandler                          0x080001b7   Thumb Code     0  startup_stm32f40_41xxx.o(.text)
    TIM4_IRQHandler                          0x080001b7   Thumb Code     0  startup_stm32f40_41xxx.o(.text)
    TIM5_IRQHandler                          0x080001b7   Thumb Code     0  startup_stm32f40_41xxx.o(.text)
    TIM6_DAC_IRQHandler                      0x080001b7   Thumb Code     0  startup_stm32f40_41xxx.o(.text)
    TIM7_IRQHandler                          0x080001b7   Thumb Code     0  startup_stm32f40_41xxx.o(.text)
    TIM8_BRK_TIM12_IRQHandler                0x080001b7   Thumb Code     0  startup_stm32f40_41xxx.o(.text)
    TIM8_CC_IRQHandler                       0x080001b7   Thumb Code     0  startup_stm32f40_41xxx.o(.text)
    TIM8_TRG_COM_TIM14_IRQHandler            0x080001b7   Thumb Code     0  startup_stm32f40_41xxx.o(.text)
    TIM8_UP_TIM13_IRQHandler                 0x080001b7   Thumb Code     0  startup_stm32f40_41xxx.o(.text)
    UART4_IRQHandler                         0x080001b7   Thumb Code     0  startup_stm32f40_41xxx.o(.text)
    UART5_IRQHandler                         0x080001b7   Thumb Code     0  startup_stm32f40_41xxx.o(.text)
    USART1_IRQHandler                        0x080001b7   Thumb Code     0  startup_stm32f40_41xxx.o(.text)
    USART2_IRQHandler                        0x080001b7   Thumb Code     0  startup_stm32f40_41xxx.o(.text)
    USART3_IRQHandler                        0x080001b7   Thumb Code     0  startup_stm32f40_41xxx.o(.text)
    USART6_IRQHandler                        0x080001b7   Thumb Code     0  startup_stm32f40_41xxx.o(.text)
    WWDG_IRQHandler                          0x080001b7   Thumb Code     0  startup_stm32f40_41xxx.o(.text)
    __scatterload                            0x080001c1   Thumb Code    28  init.o(.text)
    __scatterload_rt2                        0x080001c1   Thumb Code     0  init.o(.text)
    BusFault_Handler                         0x080001e5   Thumb Code     2  stm32f4xx_it.o(i.BusFault_Handler)
    CAN1_Configuration                       0x080001e9   Thumb Code   192  can.o(i.CAN1_Configuration)
    CAN1_RX0_IRQHandler                      0x080002b1   Thumb Code    82  can.o(i.CAN1_RX0_IRQHandler)
    CAN2_Configuration                       0x08000311   Thumb Code   198  can.o(i.CAN2_Configuration)
    CAN2_RX0_IRQHandler                      0x080003e1   Thumb Code    76  can.o(i.CAN2_RX0_IRQHandler)
    CAN_Baud_Process                         0x08000439   Thumb Code    52  can.o(i.CAN_Baud_Process)
    CAN_ClearITPendingBit                    0x08000471   Thumb Code   132  stm32f4xx_can.o(i.CAN_ClearITPendingBit)
    CAN_DeInit                               0x080004f9   Thumb Code    52  stm32f4xx_can.o(i.CAN_DeInit)
    CAN_FilterInit                           0x08000531   Thumb Code   202  stm32f4xx_can.o(i.CAN_FilterInit)
    CAN_ITConfig                             0x08000605   Thumb Code    20  stm32f4xx_can.o(i.CAN_ITConfig)
    CAN_Init                                 0x08000619   Thumb Code   260  stm32f4xx_can.o(i.CAN_Init)
    CAN_Receive                              0x0800071d   Thumb Code   130  stm32f4xx_can.o(i.CAN_Receive)
    CAN_StructInit                           0x0800079f   Thumb Code    32  stm32f4xx_can.o(i.CAN_StructInit)
    CAN_Transmit                             0x080007bf   Thumb Code   182  stm32f4xx_can.o(i.CAN_Transmit)
    ChangeMotorSpeed                         0x08000875   Thumb Code   154  command.o(i.ChangeMotorSpeed)
    DebugMon_Handler                         0x08000919   Thumb Code     2  stm32f4xx_it.o(i.DebugMon_Handler)
    GPIO_Init                                0x0800091b   Thumb Code   124  stm32f4xx_gpio.o(i.GPIO_Init)
    GPIO_PinAFConfig                         0x08000997   Thumb Code    32  stm32f4xx_gpio.o(i.GPIO_PinAFConfig)
    GPIO_ResetBits                           0x080009b7   Thumb Code     4  stm32f4xx_gpio.o(i.GPIO_ResetBits)
    GPIO_SetBits                             0x080009bb   Thumb Code     4  stm32f4xx_gpio.o(i.GPIO_SetBits)
    GPIO_ToggleBits                          0x080009bf   Thumb Code     8  stm32f4xx_gpio.o(i.GPIO_ToggleBits)
    HardFault_Handler                        0x080009c7   Thumb Code     2  stm32f4xx_it.o(i.HardFault_Handler)
    LED_GPIO_Config                          0x080009c9   Thumb Code    46  led.o(i.LED_GPIO_Config)
    MemManage_Handler                        0x080009fd   Thumb Code     2  stm32f4xx_it.o(i.MemManage_Handler)
    MotorExecuteCMD                          0x08000a01   Thumb Code   350  command.o(i.MotorExecuteCMD)
    Motor_GPIO_Config                        0x08000b7d   Thumb Code   124  command.o(i.Motor_GPIO_Config)
    NMI_Handler                              0x08000c05   Thumb Code     2  stm32f4xx_it.o(i.NMI_Handler)
    NVIC_Configuration                       0x08000c07   Thumb Code   104  nvic.o(i.NVIC_Configuration)
    NVIC_Init                                0x08000c71   Thumb Code    98  misc.o(i.NVIC_Init)
    NVIC_PriorityGroupConfig                 0x08000cd9   Thumb Code    10  misc.o(i.NVIC_PriorityGroupConfig)
    PendSV_Handler                           0x08000ced   Thumb Code     2  stm32f4xx_it.o(i.PendSV_Handler)
    RCC_AHB1PeriphClockCmd                   0x08000cf1   Thumb Code    22  stm32f4xx_rcc.o(i.RCC_AHB1PeriphClockCmd)
    RCC_APB1PeriphClockCmd                   0x08000d0d   Thumb Code    22  stm32f4xx_rcc.o(i.RCC_APB1PeriphClockCmd)
    RCC_APB1PeriphResetCmd                   0x08000d29   Thumb Code    22  stm32f4xx_rcc.o(i.RCC_APB1PeriphResetCmd)
    RCC_APB2PeriphClockCmd                   0x08000d45   Thumb Code    22  stm32f4xx_rcc.o(i.RCC_APB2PeriphClockCmd)
    SVC_Handler                              0x08000d61   Thumb Code     2  stm32f4xx_it.o(i.SVC_Handler)
    SysTick_Configuration                    0x08000e1d   Thumb Code    54  systick.o(i.SysTick_Configuration)
    SysTick_Handler                          0x08000e5d   Thumb Code     4  systick.o(i.SysTick_Handler)
    SystemInit                               0x08000e61   Thumb Code    74  system_stm32f4xx.o(i.SystemInit)
    TIM1_PWM_Init                            0x08000ebd   Thumb Code   210  pwm.o(i.TIM1_PWM_Init)
    TIM2_IRQHandler                          0x08000f99   Thumb Code    54  timer.o(i.TIM2_IRQHandler)
    TIM_ARRPreloadConfig                     0x08000fdd   Thumb Code    24  stm32f4xx_tim.o(i.TIM_ARRPreloadConfig)
    TIM_ClearITPendingBit                    0x08000ff5   Thumb Code     6  stm32f4xx_tim.o(i.TIM_ClearITPendingBit)
    TIM_Cmd                                  0x08000ffb   Thumb Code    24  stm32f4xx_tim.o(i.TIM_Cmd)
    TIM_Configuration                        0x08001013   Thumb Code    64  timer.o(i.TIM_Configuration)
    TIM_CtrlPWMOutputs                       0x08001053   Thumb Code    28  stm32f4xx_tim.o(i.TIM_CtrlPWMOutputs)
    TIM_GetITStatus                          0x0800106f   Thumb Code    24  stm32f4xx_tim.o(i.TIM_GetITStatus)
    TIM_ITConfig                             0x08001087   Thumb Code    20  stm32f4xx_tim.o(i.TIM_ITConfig)
    TIM_OC3Init                              0x0800109d   Thumb Code   124  stm32f4xx_tim.o(i.TIM_OC3Init)
    TIM_OC3PreloadConfig                     0x08001121   Thumb Code    12  stm32f4xx_tim.o(i.TIM_OC3PreloadConfig)
    TIM_OC4Init                              0x0800112d   Thumb Code    92  stm32f4xx_tim.o(i.TIM_OC4Init)
    TIM_OC4PreloadConfig                     0x08001191   Thumb Code    20  stm32f4xx_tim.o(i.TIM_OC4PreloadConfig)
    TIM_SetCompare3                          0x080011a5   Thumb Code     4  stm32f4xx_tim.o(i.TIM_SetCompare3)
    TIM_TimeBaseInit                         0x080011a9   Thumb Code    96  stm32f4xx_tim.o(i.TIM_TimeBaseInit)
    TimingDelay_Decrement                    0x08001225   Thumb Code    16  systick.o(i.TimingDelay_Decrement)
    UsageFault_Handler                       0x08001239   Thumb Code     2  stm32f4xx_it.o(i.UsageFault_Handler)
    __scatterload_copy                       0x0800123b   Thumb Code    14  handlers.o(i.__scatterload_copy)
    __scatterload_null                       0x08001249   Thumb Code     2  handlers.o(i.__scatterload_null)
    __scatterload_zeroinit                   0x0800124b   Thumb Code    14  handlers.o(i.__scatterload_zeroinit)
    can1_tx                                  0x08001259   Thumb Code    56  can.o(i.can1_tx)
    main                                     0x08001295   Thumb Code    40  main.o(i.main)
    CAN_baud_table                           0x080012c0   Data         360  can.o(.constdata)
    Region$$Table$$Base                      0x08001428   Number         0  anon$$obj.o(Region$$Table)
    Region$$Table$$Limit                     0x08001448   Number         0  anon$$obj.o(Region$$Table)
    can1_rec_flag                            0x20000000   Data           1  can.o(.data)
    can2_rec_flag                            0x20000001   Data           1  can.o(.data)
    CAN1_RX_data                             0x20000002   Data           2  can.o(.data)
    TimingDelay                              0x20000004   Data           4  systick.o(.data)
    ValueData                                0x20000012   Data           2  command.o(.data)
    ControlDriveCmd                          0x2000001c   Data           4  command.o(.data)
    MotorStateFdB                            0x20000020   Data           8  command.o(.data)
    SystemCoreClock                          0x20000028   Data           4  system_stm32f4xx.o(.data)
    AHBPrescTable                            0x2000002c   Data          16  system_stm32f4xx.o(.data)
    __initial_sp                             0x20000440   Data           0  startup_stm32f40_41xxx.o(STACK)



==============================================================================

Memory Map of the image

  Image Entry point : 0x08000189

  Load Region LR_IROM1 (Base: 0x08000000, Size: 0x00001484, Max: 0x00080000, ABSOLUTE)

    Execution Region ER_IROM1 (Base: 0x08000000, Size: 0x00001448, Max: 0x00080000, ABSOLUTE)

    Base Addr    Size         Type   Attr      Idx    E Section Name        Object

    0x08000000   0x00000188   Data   RO          710    RESET               startup_stm32f40_41xxx.o
    0x08000188   0x00000000   Code   RO         2307  * .ARM.Collect$$$$00000000  mc_w.l(entry.o)
    0x08000188   0x00000004   Code   RO         2310    .ARM.Collect$$$$00000001  mc_w.l(entry2.o)
    0x0800018c   0x00000004   Code   RO         2313    .ARM.Collect$$$$00000004  mc_w.l(entry5.o)
    0x08000190   0x00000000   Code   RO         2315    .ARM.Collect$$$$00000008  mc_w.l(entry7b.o)
    0x08000190   0x00000000   Code   RO         2317    .ARM.Collect$$$$0000000A  mc_w.l(entry8b.o)
    0x08000190   0x00000008   Code   RO         2318    .ARM.Collect$$$$0000000B  mc_w.l(entry9a.o)
    0x08000198   0x00000000   Code   RO         2320    .ARM.Collect$$$$0000000D  mc_w.l(entry10a.o)
    0x08000198   0x00000000   Code   RO         2322    .ARM.Collect$$$$0000000F  mc_w.l(entry11a.o)
    0x08000198   0x00000004   Code   RO         2311    .ARM.Collect$$$$00002712  mc_w.l(entry2.o)
    0x0800019c   0x00000024   Code   RO          711    .text               startup_stm32f40_41xxx.o
    0x080001c0   0x00000024   Code   RO         2324    .text               mc_w.l(init.o)
    0x080001e4   0x00000002   Code   RO          154    i.BusFault_Handler  stm32f4xx_it.o
    0x080001e6   0x00000002   PAD
    0x080001e8   0x000000c8   Code   RO          340    i.CAN1_Configuration  can.o
    0x080002b0   0x00000060   Code   RO          341    i.CAN1_RX0_IRQHandler  can.o
    0x08000310   0x000000d0   Code   RO          342    i.CAN2_Configuration  can.o
    0x080003e0   0x00000058   Code   RO          343    i.CAN2_RX0_IRQHandler  can.o
    0x08000438   0x00000038   Code   RO          344    i.CAN_Baud_Process  can.o
    0x08000470   0x00000088   Code   RO         1295    i.CAN_ClearITPendingBit  stm32f4xx_can.o
    0x080004f8   0x00000038   Code   RO         1297    i.CAN_DeInit        stm32f4xx_can.o
    0x08000530   0x000000d4   Code   RO         1299    i.CAN_FilterInit    stm32f4xx_can.o
    0x08000604   0x00000014   Code   RO         1305    i.CAN_ITConfig      stm32f4xx_can.o
    0x08000618   0x00000104   Code   RO         1306    i.CAN_Init          stm32f4xx_can.o
    0x0800071c   0x00000082   Code   RO         1309    i.CAN_Receive       stm32f4xx_can.o
    0x0800079e   0x00000020   Code   RO         1312    i.CAN_StructInit    stm32f4xx_can.o
    0x080007be   0x000000b6   Code   RO         1314    i.CAN_Transmit      stm32f4xx_can.o
    0x08000874   0x000000a4   Code   RO          543    i.ChangeMotorSpeed  command.o
    0x08000918   0x00000002   Code   RO          155    i.DebugMon_Handler  stm32f4xx_it.o
    0x0800091a   0x0000007c   Code   RO          768    i.GPIO_Init         stm32f4xx_gpio.o
    0x08000996   0x00000020   Code   RO          769    i.GPIO_PinAFConfig  stm32f4xx_gpio.o
    0x080009b6   0x00000004   Code   RO          775    i.GPIO_ResetBits    stm32f4xx_gpio.o
    0x080009ba   0x00000004   Code   RO          776    i.GPIO_SetBits      stm32f4xx_gpio.o
    0x080009be   0x00000008   Code   RO          778    i.GPIO_ToggleBits   stm32f4xx_gpio.o
    0x080009c6   0x00000002   Code   RO          156    i.HardFault_Handler  stm32f4xx_it.o
    0x080009c8   0x00000034   Code   RO          427    i.LED_GPIO_Config   led.o
    0x080009fc   0x00000002   Code   RO          157    i.MemManage_Handler  stm32f4xx_it.o
    0x080009fe   0x00000002   PAD
    0x08000a00   0x0000017c   Code   RO          544    i.MotorExecuteCMD   command.o
    0x08000b7c   0x00000088   Code   RO          545    i.Motor_GPIO_Config  command.o
    0x08000c04   0x00000002   Code   RO          158    i.NMI_Handler       stm32f4xx_it.o
    0x08000c06   0x00000068   Code   RO          407    i.NVIC_Configuration  nvic.o
    0x08000c6e   0x00000002   PAD
    0x08000c70   0x00000068   Code   RO         1249    i.NVIC_Init         misc.o
    0x08000cd8   0x00000014   Code   RO         1250    i.NVIC_PriorityGroupConfig  misc.o
    0x08000cec   0x00000002   Code   RO          159    i.PendSV_Handler    stm32f4xx_it.o
    0x08000cee   0x00000002   PAD
    0x08000cf0   0x0000001c   Code   RO          865    i.RCC_AHB1PeriphClockCmd  stm32f4xx_rcc.o
    0x08000d0c   0x0000001c   Code   RO          874    i.RCC_APB1PeriphClockCmd  stm32f4xx_rcc.o
    0x08000d28   0x0000001c   Code   RO          876    i.RCC_APB1PeriphResetCmd  stm32f4xx_rcc.o
    0x08000d44   0x0000001c   Code   RO          877    i.RCC_APB2PeriphClockCmd  stm32f4xx_rcc.o
    0x08000d60   0x00000002   Code   RO          160    i.SVC_Handler       stm32f4xx_it.o
    0x08000d62   0x00000002   PAD
    0x08000d64   0x000000b8   Code   RO         2272    i.SetSysClock       system_stm32f4xx.o
    0x08000e1c   0x00000040   Code   RO          468    i.SysTick_Configuration  systick.o
    0x08000e5c   0x00000004   Code   RO          469    i.SysTick_Handler   systick.o
    0x08000e60   0x0000005c   Code   RO         2274    i.SystemInit        system_stm32f4xx.o
    0x08000ebc   0x000000dc   Code   RO          447    i.TIM1_PWM_Init     pwm.o
    0x08000f98   0x00000044   Code   RO          516    i.TIM2_IRQHandler   timer.o
    0x08000fdc   0x00000018   Code   RO         1714    i.TIM_ARRPreloadConfig  stm32f4xx_tim.o
    0x08000ff4   0x00000006   Code   RO         1721    i.TIM_ClearITPendingBit  stm32f4xx_tim.o
    0x08000ffa   0x00000018   Code   RO         1726    i.TIM_Cmd           stm32f4xx_tim.o
    0x08001012   0x00000040   Code   RO          517    i.TIM_Configuration  timer.o
    0x08001052   0x0000001c   Code   RO         1728    i.TIM_CtrlPWMOutputs  stm32f4xx_tim.o
    0x0800106e   0x00000018   Code   RO         1747    i.TIM_GetITStatus   stm32f4xx_tim.o
    0x08001086   0x00000014   Code   RO         1751    i.TIM_ITConfig      stm32f4xx_tim.o
    0x0800109a   0x00000002   PAD
    0x0800109c   0x00000084   Code   RO         1765    i.TIM_OC3Init       stm32f4xx_tim.o
    0x08001120   0x0000000c   Code   RO         1768    i.TIM_OC3PreloadConfig  stm32f4xx_tim.o
    0x0800112c   0x00000064   Code   RO         1770    i.TIM_OC4Init       stm32f4xx_tim.o
    0x08001190   0x00000014   Code   RO         1772    i.TIM_OC4PreloadConfig  stm32f4xx_tim.o
    0x080011a4   0x00000004   Code   RO         1790    i.TIM_SetCompare3   stm32f4xx_tim.o
    0x080011a8   0x0000007c   Code   RO         1798    i.TIM_TimeBaseInit  stm32f4xx_tim.o
    0x08001224   0x00000014   Code   RO          470    i.TimingDelay_Decrement  systick.o
    0x08001238   0x00000002   Code   RO          161    i.UsageFault_Handler  stm32f4xx_it.o
    0x0800123a   0x0000000e   Code   RO         2328    i.__scatterload_copy  mc_w.l(handlers.o)
    0x08001248   0x00000002   Code   RO         2329    i.__scatterload_null  mc_w.l(handlers.o)
    0x0800124a   0x0000000e   Code   RO         2330    i.__scatterload_zeroinit  mc_w.l(handlers.o)
    0x08001258   0x0000003c   Code   RO          345    i.can1_tx           can.o
    0x08001294   0x0000002c   Code   RO          320    i.main              main.o
    0x080012c0   0x00000168   Data   RO          347    .constdata          can.o
    0x08001428   0x00000020   Data   RO         2326    Region$$Table       anon$$obj.o


    Execution Region RW_IRAM1 (Base: 0x20000000, Size: 0x00000440, Max: 0x00020000, ABSOLUTE)

    Base Addr    Size         Type   Attr      Idx    E Section Name        Object

    0x20000000   0x00000002   Data   RW          348    .data               can.o
    0x20000002   0x00000002   Data   RW          350    .data               can.o
    0x20000004   0x00000004   Data   RW          472    .data               systick.o
    0x20000008   0x00000002   Data   RW          518    .data               timer.o
    0x2000000a   0x00000002   PAD
    0x2000000c   0x0000001c   Data   RW          548    .data               command.o
    0x20000028   0x00000014   Data   RW         2275    .data               system_stm32f4xx.o
    0x2000003c   0x00000004   PAD
    0x20000040   0x00000400   Zero   RW          708    STACK               startup_stm32f40_41xxx.o


==============================================================================

Image component sizes


      Code (inc. data)   RO Data    RW Data    ZI Data      Debug   Object Name

       708         52        360          4          0       5194   can.o
       680         52          0         28          0      13412   command.o
        52          6          0          0          0        562   led.o
        44          4          0          0          0        571   main.o
       124         16          0          0          0       1879   misc.o
       104          0          0          0          0        625   nvic.o
       220         10          0          0          0        760   pwm.o
        36          8        392          0       1024        948   startup_stm32f40_41xxx.o
         0          0          0          0          0     268436   stm32f4xx_assert.o
      1028         18          0          0          0       7482   stm32f4xx_can.o
       172          0          0          0          0       3993   stm32f4xx_gpio.o
        16          0          0          0          0     267776   stm32f4xx_it.o
       112         24          0          0          0       2788   stm32f4xx_rcc.o
       518         44          0          0          0       9666   stm32f4xx_tim.o
       276         34          0         20          0       1965   system_stm32f4xx.o
        88         14          0          4          0      28805   systick.o
       132         14          0          2          0       1178   timer.o

    ----------------------------------------------------------------------
      4322        296        784         60       1028     616040   Object Totals
         0          0         32          0          0          0   (incl. Generated)
        12          0          0          2          4          0   (incl. Padding)

    ----------------------------------------------------------------------

      Code (inc. data)   RO Data    RW Data    ZI Data      Debug   Library Member Name

         0          0          0          0          0          0   entry.o
         0          0          0          0          0          0   entry10a.o
         0          0          0          0          0          0   entry11a.o
         8          4          0          0          0          0   entry2.o
         4          0          0          0          0          0   entry5.o
         0          0          0          0          0          0   entry7b.o
         0          0          0          0          0          0   entry8b.o
         8          4          0          0          0          0   entry9a.o
        30          0          0          0          0          0   handlers.o
        36          8          0          0          0         68   init.o

    ----------------------------------------------------------------------
        86         16          0          0          0         68   Library Totals
         0          0          0          0          0          0   (incl. Padding)

    ----------------------------------------------------------------------

      Code (inc. data)   RO Data    RW Data    ZI Data      Debug   Library Name

        86         16          0          0          0         68   mc_w.l

    ----------------------------------------------------------------------
        86         16          0          0          0         68   Library Totals

    ----------------------------------------------------------------------

==============================================================================


      Code (inc. data)   RO Data    RW Data    ZI Data      Debug   

      4408        312        784         60       1028     610912   Grand Totals
      4408        312        784         60       1028     610912   ELF Image Totals
      4408        312        784         60          0          0   ROM Totals

==============================================================================

    Total RO  Size (Code + RO Data)                 5192 (   5.07kB)
    Total RW  Size (RW Data + ZI Data)              1088 (   1.06kB)
    Total ROM Size (Code + RO Data + RW Data)       5252 (   5.13kB)

==============================================================================

