<html>
<body>
<pre>
<h1>礦ision Build Log</h1>
<h2>Tool Versions:</h2>
IDE-Version: μVision V5.14.0.0
Copyright (C) 2015 ARM Ltd and ARM Germany GmbH. All rights reserved.
License Information: fgjxgf lenovo, djnfgj, LIC=Y2BZ9-4DCZ3-QHN8A-139NP-BMK30-N39NI
 
Tool Versions:
Toolchain:       MDK-ARM Professional  Version: 5.14.0.0
Toolchain Path:  C:\Keil_v5\ARM\ARMCC\Bin
C Compiler:      Armcc.exe V5.05 update 1 (build 106)
Assembler:       Armasm.exe V5.05 update 1 (build 106)
Linker/Locator:  ArmLink.exe V5.05 update 1 (build 106)
Library Manager: ArmAr.exe V5.05 update 1 (build 106)
Hex Converter:   FromElf.exe V5.05 update 1 (build 106)
CPU DLL:         SARMCM3.DLL V5.14.0.0
Dialog DLL:      DCM.DLL V1.13.1.0
Target DLL:      Segger\JL2CM3.dll V2.99.13.0
Dialog DLL:      TCM.DLL V1.14.4.0
 
<h2>Project:</h2>
E:\艾上智能科技\自研底盘设备手册\ECU程序_20200116PM_从机_全备注\Project\project.uvproj
Project File Date:  01/10/2020

<h2>Output:</h2>
Build target 'STM32F407'
compiling command.c...
..\Libraries\CMSIS\Device\ST\STM32F4xx\Include\stm32f4xx.h(87): warning:  #47-D: incompatible redefinition of macro "STM32F40_41xxx"
    #define STM32F40_41xxx
..\User\command.c(284): warning:  #550-D: variable "speed_flag" was set but never used
        static uint8_t speed_flag = 0;  //速度反馈值
..\User\command.c: 2 warnings, 0 errors
linking...
Program Size: Code=4408 RO-data=784 RW-data=60 ZI-data=1028  
FromELF: creating hex file...
".\Obj\project.axf" - 0 Error(s), 2 Warning(s).
</pre>
</body>
</html>
