<html>
<body>
<pre>
<h1>礦ision Build Log</h1>
<h2>Project:</h2>
E:\老贾办公\板子工程文件\STM32F407板子\基于自主设计的407程序\基础例程-CAN1与CAN2通讯测试\Project\project.uvproj
Project File Date:  05/18/2016

<h2>Output:</h2>
Rebuild target 'STM32F407'
compiling stm32f4xx_assert.c...
compiling stm32f4xx_it.c...
compiling main.c...
compiling CAN.C...
..\User\CAN.C(212): warning:  #550-D: variable "transmit_mailbox" was set but never used
..\User\CAN.C(254): warning:  #550-D: variable "transmit_mailbox" was set but never used
compiling NVIC.C...
compiling LED.C...
assembling startup_stm32f40_41xxx.s...
compiling stm32f4xx_crc.c...
compiling stm32f4xx_gpio.c...
compiling stm32f4xx_rcc.c...
compiling stm32f4xx_syscfg.c...
compiling misc.c...
compiling stm32f4xx_can.c...
compiling stm32f4xx_flash.c...
compiling system_stm32f4xx.c...
linking...
Program Size: Code=3076 RO-data=784 RW-data=20 ZI-data=1028  
FromELF: creating hex file...
".\Obj\project.axf" - 0 Error(s), 2 Warning(s).
Build target 'STM32F407'
linking...
Program Size: Code=3076 RO-data=784 RW-data=20 ZI-data=1028  
FromELF: creating hex file...
".\Obj\project.axf" - 0 Error(s), 0 Warning(s).
Load "E:\\老贾办公\\板子工程文件\\STM32F407板子\\基于自主设计的407程序\\基础例程-CAN1与CAN2通讯测试\\Project\\Obj\\project.AXF" 
* JLink Info: Device "STM32F417VE" selected (512 KB flash, 128 KB RAM).
Set JLink Project File to "E:\老贾办公\板子工程文件\STM32F407板子\基于自主设计的407程序\基础例程-CAN1与CAN2通讯测试\Project\JLinkSettings.ini"
 
JLink info:
------------
DLL: V4.50j, compiled Jun 26 2012 09:19:07
Firmware: J-Link ARM V8 compiled Nov 14 2012 22:34:52
Hardware: V8.00
S/N : 17935099 
Feature(s) : RDI,FlashDL,FlashBP,JFlash 
 
* JLink Info: TotalIRLen = 9, IRPrint = 0x0011
* JLink Info: TotalIRLen = 9, IRPrint = 0x0011
* JLink Info: Found Cortex-M4 r0p1, Little endian.
* JLink Info: TPIU fitted.
* JLink Info: ETM fitted.
* JLink Info: FPUnit: 6 code (BP) slots and 2 literal slots
ROMTableAddr = 0xE00FF003
* JLink Info: Found Cortex-M4 r0p1, Little endian.
* JLink Info: TPIU fitted.
* JLink Info: ETM fitted.
* JLink Info: FPUnit: 6 code (BP) slots and 2 literal slots
 
Target info:
------------
Device: STM32F417VE
VTarget = 3.306V
State of Pins: 
TCK: 1, TDI: 0, TDO: 1, TMS: 0, TRES: 1, TRST: 1
Hardware-Breakpoints: 6
Software-Breakpoints: 8192
Watchpoints:          4
JTAG speed: 2000 kHz
 
Erase Done.
Programming Done.
Verify OK.
* JLink Info: Found Cortex-M4 r0p1, Little endian.
* JLink Info: TPIU fitted.
* JLink Info: ETM fitted.
* JLink Info: FPUnit: 6 code (BP) slots and 2 literal slots
Application running ...
Build target 'STM32F407'
compiling main.c...
..\User\main.c(8): error:  #7: unrecognized token
..\User\main.c(8): error:  #130: expected a "{"
..\User\main.c(8): error:  #7: unrecognized token
..\User\main.c(9): error:  #7: unrecognized token
..\User\main.c(9): error:  #7: unrecognized token
..\User\main.c(10): error:  #7: unrecognized token
..\User\main.c(10): error:  #7: unrecognized token
..\User\main.c(12): warning:  #12-D: parsing restarts here after previous syntax error
..\User\main.c(19): warning:  #223-D: function "KeyInit" declared implicitly
..\User\main.c(23): warning:  #223-D: function "GetKey" declared implicitly
..\User\main.c(26): error:  #247: function "Delay" has already been defined
..\User\main.c(31): error:  #159: declaration is incompatible with previous "KeyInit" (declared at line 19)
..\User\main.c(44): error:  #159: declaration is incompatible with previous "GetKey" (declared at line 23)
..\User\main.c(80): warning:  #1-D: last line of file ends without a newline
Target not created
Build target 'STM32F407'
compiling main.c...
..\User\main.c(21): warning:  #223-D: function "KeyInit" declared implicitly
..\User\main.c(33): error:  #159: declaration is incompatible with previous "KeyInit" (declared at line 21)
..\User\main.c(82): warning:  #1-D: last line of file ends without a newline
Target not created
Build target 'STM32F407'
compiling main.c...
..\User\main.c(82): warning:  #1-D: last line of file ends without a newline
linking...
Program Size: Code=3076 RO-data=784 RW-data=20 ZI-data=1028  
FromELF: creating hex file...
".\Obj\project.axf" - 0 Error(s), 1 Warning(s).
Build target 'STM32F407'
linking...
Program Size: Code=3076 RO-data=784 RW-data=20 ZI-data=1028  
FromELF: creating hex file...
".\Obj\project.axf" - 0 Error(s), 0 Warning(s).
Build target 'STM32F407'
linking...
Program Size: Code=3076 RO-data=784 RW-data=20 ZI-data=1028  
FromELF: creating hex file...
".\Obj\project.axf" - 0 Error(s), 0 Warning(s).
Build target 'STM32F407'
linking...
Program Size: Code=3076 RO-data=784 RW-data=20 ZI-data=1028  
FromELF: creating hex file...
".\Obj\project.axf" - 0 Error(s), 0 Warning(s).
Build target 'STM32F407'
linking...
Program Size: Code=3076 RO-data=784 RW-data=20 ZI-data=1028  
FromELF: creating hex file...
".\Obj\project.axf" - 0 Error(s), 0 Warning(s).
Load "E:\\老贾办公\\板子工程文件\\STM32F407板子\\基于自主设计的407程序\\基础例程-CAN1与CAN2通讯测试\\Project\\Obj\\project.AXF" 
* JLink Info: Device "STM32F417VE" selected (512 KB flash, 128 KB RAM).
Set JLink Project File to "E:\老贾办公\板子工程文件\STM32F407板子\基于自主设计的407程序\基础例程-CAN1与CAN2通讯测试\Project\JLinkSettings.ini"
 
JLink info:
------------
DLL: V4.50j, compiled Jun 26 2012 09:19:07
Firmware: J-Link ARM V8 compiled Nov 14 2012 22:34:52
Hardware: V8.00
S/N : 17935099 
Feature(s) : RDI,FlashDL,FlashBP,JFlash 
 
* JLink Info: TotalIRLen = 9, IRPrint = 0x0011
* JLink Info: TotalIRLen = 9, IRPrint = 0x0011
* JLink Info: Found Cortex-M4 r0p1, Little endian.
* JLink Info: TPIU fitted.
* JLink Info: ETM fitted.
* JLink Info: FPUnit: 6 code (BP) slots and 2 literal slots
ROMTableAddr = 0xE00FF003
* JLink Info: Found Cortex-M4 r0p1, Little endian.
* JLink Info: TPIU fitted.
* JLink Info: ETM fitted.
* JLink Info: FPUnit: 6 code (BP) slots and 2 literal slots
 
Target info:
------------
Device: STM32F417VE
VTarget = 3.300V
State of Pins: 
TCK: 1, TDI: 0, TDO: 1, TMS: 0, TRES: 1, TRST: 1
Hardware-Breakpoints: 6
Software-Breakpoints: 8192
Watchpoints:          4
JTAG speed: 2000 kHz
 
Erase Done.
Programming Done.
Verify OK.
* JLink Info: Found Cortex-M4 r0p1, Little endian.
* JLink Info: TPIU fitted.
* JLink Info: ETM fitted.
* JLink Info: FPUnit: 6 code (BP) slots and 2 literal slots
Application running ...
